Command line invocation:
    /Applications/Xcode.app/Contents/Developer/usr/bin/xcodebuild -project safeguardian.xcodeproj -scheme safeguardian -destination "platform=iOS Simulator,name=iPhone 16,OS=18.6" build

Resolve Package Graph


Resolved source packages:
  bitchat: /Applications/safeguardian/safeguardian/safeguardian/bitchat

--- xcodebuild: WARNING: Using the first of multiple matching destinations:
{ platform:iOS Simulator, arch:arm64, id:58BAD318-3541-4475-923D-D8D617312A20, OS:18.6, name:iPhone 16 }
{ platform:iOS Simulator, arch:x86_64, id:58BAD318-3541-4475-923D-D8D617312A20, OS:18.6, name:iPhone 16 }
ComputePackagePrebuildTargetDependencyGraph

Prepare packages

CreateBuildRequest

SendProjectDescription

CreateBuildOperation

ComputeTargetDependencyGraph
note: Building targets in dependency order
note: Target dependency graph (3 targets)
    Target 'safeguardian' in project 'safeguardian'
        ➜ Explicit dependency on target 'bitchat' in project 'bitchat'
    Target 'bitchat' in project 'bitchat'
        ➜ Explicit dependency on target 'bitchat' in project 'bitchat'
    Target 'bitchat' in project 'bitchat' (no dependencies)

GatherProvisioningInputs

CreateBuildDescription

ExecuteExternalTool /Applications/Xcode.app/Contents/Developer/Toolchains/XcodeDefault.xctoolchain/usr/bin/swiftc --version

ExecuteExternalTool /Applications/Xcode.app/Contents/Developer/Toolchains/XcodeDefault.xctoolchain/usr/bin/clang -v -E -dM -isysroot /Applications/Xcode.app/Contents/Developer/Platforms/iPhoneSimulator.platform/Developer/SDKs/iPhoneSimulator18.5.sdk -x c -c /dev/null

ExecuteExternalTool /Applications/Xcode.app/Contents/Developer/usr/bin/actool --print-asset-tag-combinations --output-format xml1 /Applications/safeguardian/safeguardian/safeguardian/Preview Content/Preview Assets.xcassets /Applications/safeguardian/safeguardian/safeguardian/Assets.xcassets

ExecuteExternalTool /Applications/Xcode.app/Contents/Developer/usr/bin/actool --version --output-format xml1

ExecuteExternalTool /Applications/Xcode.app/Contents/Developer/Toolchains/XcodeDefault.xctoolchain/usr/bin/ld -version_details

Build description signature: 16852c6e241f5e606ad4d0f83a56f00d
Build description path: /Users/m1a4xnetworkprobe./Library/Developer/Xcode/DerivedData/safeguardian-ehtzvapjlrfgxpdehqgynegxowui/Build/Intermediates.noindex/XCBuildData/16852c6e241f5e606ad4d0f83a56f00d.xcbuilddata
ClangStatCache /Applications/Xcode.app/Contents/Developer/Toolchains/XcodeDefault.xctoolchain/usr/bin/clang-stat-cache /Applications/Xcode.app/Contents/Developer/Platforms/iPhoneSimulator.platform/Developer/SDKs/iPhoneSimulator18.5.sdk /Users/m1a4xnetworkprobe./Library/Developer/Xcode/DerivedData/SDKStatCaches.noindex/iphonesimulator18.5-22F76-d5fc8ad4295d2ef488fb7d0f804ce0c4.sdkstatcache
    cd /Applications/safeguardian/safeguardian/safeguardian.xcodeproj
    /Applications/Xcode.app/Contents/Developer/Toolchains/XcodeDefault.xctoolchain/usr/bin/clang-stat-cache /Applications/Xcode.app/Contents/Developer/Platforms/iPhoneSimulator.platform/Developer/SDKs/iPhoneSimulator18.5.sdk -o /Users/m1a4xnetworkprobe./Library/Developer/Xcode/DerivedData/SDKStatCaches.noindex/iphonesimulator18.5-22F76-d5fc8ad4295d2ef488fb7d0f804ce0c4.sdkstatcache

CreateBuildDirectory /Users/m1a4xnetworkprobe./Library/Developer/Xcode/DerivedData/safeguardian-ehtzvapjlrfgxpdehqgynegxowui/Build/Products
    cd /Applications/safeguardian/safeguardian/safeguardian.xcodeproj
    builtin-create-build-directory /Users/m1a4xnetworkprobe./Library/Developer/Xcode/DerivedData/safeguardian-ehtzvapjlrfgxpdehqgynegxowui/Build/Products

CreateBuildDirectory /Users/m1a4xnetworkprobe./Library/Developer/Xcode/DerivedData/safeguardian-ehtzvapjlrfgxpdehqgynegxowui/Build/Intermediates.noindex
    cd /Applications/safeguardian/safeguardian/safeguardian.xcodeproj
    builtin-create-build-directory /Users/m1a4xnetworkprobe./Library/Developer/Xcode/DerivedData/safeguardian-ehtzvapjlrfgxpdehqgynegxowui/Build/Intermediates.noindex

CreateBuildDirectory /Users/m1a4xnetworkprobe./Library/Developer/Xcode/DerivedData/safeguardian-ehtzvapjlrfgxpdehqgynegxowui/Build/Products/Debug-iphonesimulator
    cd /Applications/safeguardian/safeguardian/safeguardian.xcodeproj
    builtin-create-build-directory /Users/m1a4xnetworkprobe./Library/Developer/Xcode/DerivedData/safeguardian-ehtzvapjlrfgxpdehqgynegxowui/Build/Products/Debug-iphonesimulator

CreateBuildDirectory /Users/m1a4xnetworkprobe./Library/Developer/Xcode/DerivedData/safeguardian-ehtzvapjlrfgxpdehqgynegxowui/Build/Intermediates.noindex/EagerLinkingTBDs/Debug-iphonesimulator
    cd /Applications/safeguardian/safeguardian/safeguardian.xcodeproj
    builtin-create-build-directory /Users/m1a4xnetworkprobe./Library/Developer/Xcode/DerivedData/safeguardian-ehtzvapjlrfgxpdehqgynegxowui/Build/Intermediates.noindex/EagerLinkingTBDs/Debug-iphonesimulator

WriteAuxiliaryFile /Users/m1a4xnetworkprobe./Library/Developer/Xcode/DerivedData/safeguardian-ehtzvapjlrfgxpdehqgynegxowui/Build/Intermediates.noindex/safeguardian.build/Debug-iphonesimulator/safeguardian-afc51305d32548bb0d9b84e8f324d2d9-VFS-iphonesimulator/all-product-headers.yaml
    cd /Applications/safeguardian/safeguardian/safeguardian.xcodeproj
    write-file /Users/m1a4xnetworkprobe./Library/Developer/Xcode/DerivedData/safeguardian-ehtzvapjlrfgxpdehqgynegxowui/Build/Intermediates.noindex/safeguardian.build/Debug-iphonesimulator/safeguardian-afc51305d32548bb0d9b84e8f324d2d9-VFS-iphonesimulator/all-product-headers.yaml

CreateBuildDirectory /Users/m1a4xnetworkprobe./Library/Developer/Xcode/DerivedData/safeguardian-ehtzvapjlrfgxpdehqgynegxowui/Build/Products/Debug-iphonesimulator/PackageFrameworks
    cd /Applications/safeguardian/safeguardian/safeguardian.xcodeproj
    builtin-create-build-directory /Users/m1a4xnetworkprobe./Library/Developer/Xcode/DerivedData/safeguardian-ehtzvapjlrfgxpdehqgynegxowui/Build/Products/Debug-iphonesimulator/PackageFrameworks

WriteAuxiliaryFile /Users/m1a4xnetworkprobe./Library/Developer/Xcode/DerivedData/safeguardian-ehtzvapjlrfgxpdehqgynegxowui/Build/Intermediates.noindex/bitchat.build/Debug-iphonesimulator/bitchat.build/bitchat.DependencyStaticMetadataFileList (in target 'bitchat' from project 'bitchat')
    cd /Applications/safeguardian/safeguardian/safeguardian/bitchat
    write-file /Users/m1a4xnetworkprobe./Library/Developer/Xcode/DerivedData/safeguardian-ehtzvapjlrfgxpdehqgynegxowui/Build/Intermediates.noindex/bitchat.build/Debug-iphonesimulator/bitchat.build/bitchat.DependencyStaticMetadataFileList

WriteAuxiliaryFile /Users/m1a4xnetworkprobe./Library/Developer/Xcode/DerivedData/safeguardian-ehtzvapjlrfgxpdehqgynegxowui/Build/Intermediates.noindex/bitchat.build/Debug-iphonesimulator/bitchat.build/bitchat.DependencyMetadataFileList (in target 'bitchat' from project 'bitchat')
    cd /Applications/safeguardian/safeguardian/safeguardian/bitchat
    write-file /Users/m1a4xnetworkprobe./Library/Developer/Xcode/DerivedData/safeguardian-ehtzvapjlrfgxpdehqgynegxowui/Build/Intermediates.noindex/bitchat.build/Debug-iphonesimulator/bitchat.build/bitchat.DependencyMetadataFileList

WriteAuxiliaryFile /Users/m1a4xnetworkprobe./Library/Developer/Xcode/DerivedData/safeguardian-ehtzvapjlrfgxpdehqgynegxowui/Build/Intermediates.noindex/bitchat.build/Debug-iphonesimulator/bitchat.build/bitchat.modulemap (in target 'bitchat' from project 'bitchat')
    cd /Applications/safeguardian/safeguardian/safeguardian/bitchat
    write-file /Users/m1a4xnetworkprobe./Library/Developer/Xcode/DerivedData/safeguardian-ehtzvapjlrfgxpdehqgynegxowui/Build/Intermediates.noindex/bitchat.build/Debug-iphonesimulator/bitchat.build/bitchat.modulemap

WriteAuxiliaryFile /Users/m1a4xnetworkprobe./Library/Developer/Xcode/DerivedData/safeguardian-ehtzvapjlrfgxpdehqgynegxowui/Build/Intermediates.noindex/safeguardian.build/Debug-iphonesimulator/safeguardian.build/safeguardian-project-headers.hmap (in target 'safeguardian' from project 'safeguardian')
    cd /Applications/safeguardian/safeguardian
    write-file /Users/m1a4xnetworkprobe./Library/Developer/Xcode/DerivedData/safeguardian-ehtzvapjlrfgxpdehqgynegxowui/Build/Intermediates.noindex/safeguardian.build/Debug-iphonesimulator/safeguardian.build/safeguardian-project-headers.hmap

WriteAuxiliaryFile /Users/m1a4xnetworkprobe./Library/Developer/Xcode/DerivedData/safeguardian-ehtzvapjlrfgxpdehqgynegxowui/Build/Intermediates.noindex/safeguardian.build/Debug-iphonesimulator/safeguardian.build/safeguardian.hmap (in target 'safeguardian' from project 'safeguardian')
    cd /Applications/safeguardian/safeguardian
    write-file /Users/m1a4xnetworkprobe./Library/Developer/Xcode/DerivedData/safeguardian-ehtzvapjlrfgxpdehqgynegxowui/Build/Intermediates.noindex/safeguardian.build/Debug-iphonesimulator/safeguardian.build/safeguardian.hmap

WriteAuxiliaryFile /Users/m1a4xnetworkprobe./Library/Developer/Xcode/DerivedData/safeguardian-ehtzvapjlrfgxpdehqgynegxowui/Build/Intermediates.noindex/safeguardian.build/Debug-iphonesimulator/safeguardian.build/safeguardian.DependencyStaticMetadataFileList (in target 'safeguardian' from project 'safeguardian')
    cd /Applications/safeguardian/safeguardian
    write-file /Users/m1a4xnetworkprobe./Library/Developer/Xcode/DerivedData/safeguardian-ehtzvapjlrfgxpdehqgynegxowui/Build/Intermediates.noindex/safeguardian.build/Debug-iphonesimulator/safeguardian.build/safeguardian.DependencyStaticMetadataFileList

WriteAuxiliaryFile /Users/m1a4xnetworkprobe./Library/Developer/Xcode/DerivedData/safeguardian-ehtzvapjlrfgxpdehqgynegxowui/Build/Intermediates.noindex/bitchat.build/Debug-iphonesimulator/bitchat.build/Objects-normal/arm64/bitchat.LinkFileList (in target 'bitchat' from project 'bitchat')
    cd /Applications/safeguardian/safeguardian/safeguardian/bitchat
    write-file /Users/m1a4xnetworkprobe./Library/Developer/Xcode/DerivedData/safeguardian-ehtzvapjlrfgxpdehqgynegxowui/Build/Intermediates.noindex/bitchat.build/Debug-iphonesimulator/bitchat.build/Objects-normal/arm64/bitchat.LinkFileList

WriteAuxiliaryFile /Users/m1a4xnetworkprobe./Library/Developer/Xcode/DerivedData/safeguardian-ehtzvapjlrfgxpdehqgynegxowui/Build/Intermediates.noindex/bitchat.build/Debug-iphonesimulator/bitchat.build/Objects-normal/arm64/bitchat.SwiftConstValuesFileList (in target 'bitchat' from project 'bitchat')
    cd /Applications/safeguardian/safeguardian/safeguardian/bitchat
    write-file /Users/m1a4xnetworkprobe./Library/Developer/Xcode/DerivedData/safeguardian-ehtzvapjlrfgxpdehqgynegxowui/Build/Intermediates.noindex/bitchat.build/Debug-iphonesimulator/bitchat.build/Objects-normal/arm64/bitchat.SwiftConstValuesFileList

WriteAuxiliaryFile /Users/m1a4xnetworkprobe./Library/Developer/Xcode/DerivedData/safeguardian-ehtzvapjlrfgxpdehqgynegxowui/Build/Intermediates.noindex/bitchat.build/Debug-iphonesimulator/bitchat.build/Objects-normal/arm64/bitchat.SwiftFileList (in target 'bitchat' from project 'bitchat')
    cd /Applications/safeguardian/safeguardian/safeguardian/bitchat
    write-file /Users/m1a4xnetworkprobe./Library/Developer/Xcode/DerivedData/safeguardian-ehtzvapjlrfgxpdehqgynegxowui/Build/Intermediates.noindex/bitchat.build/Debug-iphonesimulator/bitchat.build/Objects-normal/arm64/bitchat.SwiftFileList

WriteAuxiliaryFile /Users/m1a4xnetworkprobe./Library/Developer/Xcode/DerivedData/safeguardian-ehtzvapjlrfgxpdehqgynegxowui/Build/Intermediates.noindex/bitchat.build/Debug-iphonesimulator/bitchat.build/Objects-normal/arm64/bitchat_const_extract_protocols.json (in target 'bitchat' from project 'bitchat')
    cd /Applications/safeguardian/safeguardian/safeguardian/bitchat
    write-file /Users/m1a4xnetworkprobe./Library/Developer/Xcode/DerivedData/safeguardian-ehtzvapjlrfgxpdehqgynegxowui/Build/Intermediates.noindex/bitchat.build/Debug-iphonesimulator/bitchat.build/Objects-normal/arm64/bitchat_const_extract_protocols.json

WriteAuxiliaryFile /Users/m1a4xnetworkprobe./Library/Developer/Xcode/DerivedData/safeguardian-ehtzvapjlrfgxpdehqgynegxowui/Build/Intermediates.noindex/bitchat.build/Debug-iphonesimulator/bitchat.build/Objects-normal/arm64/bitchat-OutputFileMap.json (in target 'bitchat' from project 'bitchat')
    cd /Applications/safeguardian/safeguardian/safeguardian/bitchat
    write-file /Users/m1a4xnetworkprobe./Library/Developer/Xcode/DerivedData/safeguardian-ehtzvapjlrfgxpdehqgynegxowui/Build/Intermediates.noindex/bitchat.build/Debug-iphonesimulator/bitchat.build/Objects-normal/arm64/bitchat-OutputFileMap.json

WriteAuxiliaryFile /Users/m1a4xnetworkprobe./Library/Developer/Xcode/DerivedData/safeguardian-ehtzvapjlrfgxpdehqgynegxowui/Build/Intermediates.noindex/safeguardian.build/Debug-iphonesimulator/safeguardian.build/safeguardian.DependencyMetadataFileList (in target 'safeguardian' from project 'safeguardian')
    cd /Applications/safeguardian/safeguardian
    write-file /Users/m1a4xnetworkprobe./Library/Developer/Xcode/DerivedData/safeguardian-ehtzvapjlrfgxpdehqgynegxowui/Build/Intermediates.noindex/safeguardian.build/Debug-iphonesimulator/safeguardian.build/safeguardian.DependencyMetadataFileList

WriteAuxiliaryFile /Users/m1a4xnetworkprobe./Library/Developer/Xcode/DerivedData/safeguardian-ehtzvapjlrfgxpdehqgynegxowui/Build/Intermediates.noindex/safeguardian.build/Debug-iphonesimulator/safeguardian.build/safeguardian-own-target-headers.hmap (in target 'safeguardian' from project 'safeguardian')
    cd /Applications/safeguardian/safeguardian
    write-file /Users/m1a4xnetworkprobe./Library/Developer/Xcode/DerivedData/safeguardian-ehtzvapjlrfgxpdehqgynegxowui/Build/Intermediates.noindex/safeguardian.build/Debug-iphonesimulator/safeguardian.build/safeguardian-own-target-headers.hmap

WriteAuxiliaryFile /Users/m1a4xnetworkprobe./Library/Developer/Xcode/DerivedData/safeguardian-ehtzvapjlrfgxpdehqgynegxowui/Build/Intermediates.noindex/safeguardian.build/Debug-iphonesimulator/safeguardian.build/safeguardian-generated-files.hmap (in target 'safeguardian' from project 'safeguardian')
    cd /Applications/safeguardian/safeguardian
    write-file /Users/m1a4xnetworkprobe./Library/Developer/Xcode/DerivedData/safeguardian-ehtzvapjlrfgxpdehqgynegxowui/Build/Intermediates.noindex/safeguardian.build/Debug-iphonesimulator/safeguardian.build/safeguardian-generated-files.hmap

WriteAuxiliaryFile /Users/m1a4xnetworkprobe./Library/Developer/Xcode/DerivedData/safeguardian-ehtzvapjlrfgxpdehqgynegxowui/Build/Intermediates.noindex/safeguardian.build/Debug-iphonesimulator/safeguardian.build/safeguardian-all-target-headers.hmap (in target 'safeguardian' from project 'safeguardian')
    cd /Applications/safeguardian/safeguardian
    write-file /Users/m1a4xnetworkprobe./Library/Developer/Xcode/DerivedData/safeguardian-ehtzvapjlrfgxpdehqgynegxowui/Build/Intermediates.noindex/safeguardian.build/Debug-iphonesimulator/safeguardian.build/safeguardian-all-target-headers.hmap

WriteAuxiliaryFile /Users/m1a4xnetworkprobe./Library/Developer/Xcode/DerivedData/safeguardian-ehtzvapjlrfgxpdehqgynegxowui/Build/Intermediates.noindex/safeguardian.build/Debug-iphonesimulator/safeguardian.build/safeguardian-all-non-framework-target-headers.hmap (in target 'safeguardian' from project 'safeguardian')
    cd /Applications/safeguardian/safeguardian
    write-file /Users/m1a4xnetworkprobe./Library/Developer/Xcode/DerivedData/safeguardian-ehtzvapjlrfgxpdehqgynegxowui/Build/Intermediates.noindex/safeguardian.build/Debug-iphonesimulator/safeguardian.build/safeguardian-all-non-framework-target-headers.hmap

WriteAuxiliaryFile /Users/m1a4xnetworkprobe./Library/Developer/Xcode/DerivedData/safeguardian-ehtzvapjlrfgxpdehqgynegxowui/Build/Intermediates.noindex/safeguardian.build/Debug-iphonesimulator/safeguardian.build/safeguardian-DebugDylibPath-normal-arm64.txt (in target 'safeguardian' from project 'safeguardian')
    cd /Applications/safeguardian/safeguardian
    write-file /Users/m1a4xnetworkprobe./Library/Developer/Xcode/DerivedData/safeguardian-ehtzvapjlrfgxpdehqgynegxowui/Build/Intermediates.noindex/safeguardian.build/Debug-iphonesimulator/safeguardian.build/safeguardian-DebugDylibPath-normal-arm64.txt

WriteAuxiliaryFile /Users/m1a4xnetworkprobe./Library/Developer/Xcode/DerivedData/safeguardian-ehtzvapjlrfgxpdehqgynegxowui/Build/Intermediates.noindex/safeguardian.build/Debug-iphonesimulator/safeguardian.build/safeguardian-DebugDylibInstallName-normal-arm64.txt (in target 'safeguardian' from project 'safeguardian')
    cd /Applications/safeguardian/safeguardian
    write-file /Users/m1a4xnetworkprobe./Library/Developer/Xcode/DerivedData/safeguardian-ehtzvapjlrfgxpdehqgynegxowui/Build/Intermediates.noindex/safeguardian.build/Debug-iphonesimulator/safeguardian.build/safeguardian-DebugDylibInstallName-normal-arm64.txt

WriteAuxiliaryFile /Users/m1a4xnetworkprobe./Library/Developer/Xcode/DerivedData/safeguardian-ehtzvapjlrfgxpdehqgynegxowui/Build/Intermediates.noindex/safeguardian.build/Debug-iphonesimulator/safeguardian.build/empty-safeguardian.plist (in target 'safeguardian' from project 'safeguardian')
    cd /Applications/safeguardian/safeguardian
    write-file /Users/m1a4xnetworkprobe./Library/Developer/Xcode/DerivedData/safeguardian-ehtzvapjlrfgxpdehqgynegxowui/Build/Intermediates.noindex/safeguardian.build/Debug-iphonesimulator/safeguardian.build/empty-safeguardian.plist

WriteAuxiliaryFile /Users/m1a4xnetworkprobe./Library/Developer/Xcode/DerivedData/safeguardian-ehtzvapjlrfgxpdehqgynegxowui/Build/Intermediates.noindex/safeguardian.build/Debug-iphonesimulator/safeguardian.build/Objects-normal/arm64/safeguardian.SwiftConstValuesFileList (in target 'safeguardian' from project 'safeguardian')
    cd /Applications/safeguardian/safeguardian
    write-file /Users/m1a4xnetworkprobe./Library/Developer/Xcode/DerivedData/safeguardian-ehtzvapjlrfgxpdehqgynegxowui/Build/Intermediates.noindex/safeguardian.build/Debug-iphonesimulator/safeguardian.build/Objects-normal/arm64/safeguardian.SwiftConstValuesFileList

WriteAuxiliaryFile /Users/m1a4xnetworkprobe./Library/Developer/Xcode/DerivedData/safeguardian-ehtzvapjlrfgxpdehqgynegxowui/Build/Intermediates.noindex/safeguardian.build/Debug-iphonesimulator/safeguardian.build/Objects-normal/arm64/safeguardian.SwiftFileList (in target 'safeguardian' from project 'safeguardian')
    cd /Applications/safeguardian/safeguardian
    write-file /Users/m1a4xnetworkprobe./Library/Developer/Xcode/DerivedData/safeguardian-ehtzvapjlrfgxpdehqgynegxowui/Build/Intermediates.noindex/safeguardian.build/Debug-iphonesimulator/safeguardian.build/Objects-normal/arm64/safeguardian.SwiftFileList

WriteAuxiliaryFile /Users/m1a4xnetworkprobe./Library/Developer/Xcode/DerivedData/safeguardian-ehtzvapjlrfgxpdehqgynegxowui/Build/Intermediates.noindex/safeguardian.build/Debug-iphonesimulator/safeguardian.build/Objects-normal/arm64/safeguardian-OutputFileMap.json (in target 'safeguardian' from project 'safeguardian')
    cd /Applications/safeguardian/safeguardian
    write-file /Users/m1a4xnetworkprobe./Library/Developer/Xcode/DerivedData/safeguardian-ehtzvapjlrfgxpdehqgynegxowui/Build/Intermediates.noindex/safeguardian.build/Debug-iphonesimulator/safeguardian.build/Objects-normal/arm64/safeguardian-OutputFileMap.json

WriteAuxiliaryFile /Users/m1a4xnetworkprobe./Library/Developer/Xcode/DerivedData/safeguardian-ehtzvapjlrfgxpdehqgynegxowui/Build/Intermediates.noindex/safeguardian.build/Debug-iphonesimulator/safeguardian.build/Objects-normal/arm64/safeguardian.LinkFileList (in target 'safeguardian' from project 'safeguardian')
    cd /Applications/safeguardian/safeguardian
    write-file /Users/m1a4xnetworkprobe./Library/Developer/Xcode/DerivedData/safeguardian-ehtzvapjlrfgxpdehqgynegxowui/Build/Intermediates.noindex/safeguardian.build/Debug-iphonesimulator/safeguardian.build/Objects-normal/arm64/safeguardian.LinkFileList

WriteAuxiliaryFile /Users/m1a4xnetworkprobe./Library/Developer/Xcode/DerivedData/safeguardian-ehtzvapjlrfgxpdehqgynegxowui/Build/Intermediates.noindex/safeguardian.build/Debug-iphonesimulator/safeguardian.build/Objects-normal/arm64/safeguardian_const_extract_protocols.json (in target 'safeguardian' from project 'safeguardian')
    cd /Applications/safeguardian/safeguardian
    write-file /Users/m1a4xnetworkprobe./Library/Developer/Xcode/DerivedData/safeguardian-ehtzvapjlrfgxpdehqgynegxowui/Build/Intermediates.noindex/safeguardian.build/Debug-iphonesimulator/safeguardian.build/Objects-normal/arm64/safeguardian_const_extract_protocols.json

WriteAuxiliaryFile /Users/m1a4xnetworkprobe./Library/Developer/Xcode/DerivedData/safeguardian-ehtzvapjlrfgxpdehqgynegxowui/Build/Intermediates.noindex/safeguardian.build/Debug-iphonesimulator/safeguardian.build/DerivedSources/Entitlements-Simulated.plist (in target 'safeguardian' from project 'safeguardian')
    cd /Applications/safeguardian/safeguardian
    write-file /Users/m1a4xnetworkprobe./Library/Developer/Xcode/DerivedData/safeguardian-ehtzvapjlrfgxpdehqgynegxowui/Build/Intermediates.noindex/safeguardian.build/Debug-iphonesimulator/safeguardian.build/DerivedSources/Entitlements-Simulated.plist

MkDir /Users/m1a4xnetworkprobe./Library/Developer/Xcode/DerivedData/safeguardian-ehtzvapjlrfgxpdehqgynegxowui/Build/Products/Debug-iphonesimulator/safeguardian.app (in target 'safeguardian' from project 'safeguardian')
    cd /Applications/safeguardian/safeguardian
    /bin/mkdir -p /Users/m1a4xnetworkprobe./Library/Developer/Xcode/DerivedData/safeguardian-ehtzvapjlrfgxpdehqgynegxowui/Build/Products/Debug-iphonesimulator/safeguardian.app

Copy /Users/m1a4xnetworkprobe./Library/Developer/Xcode/DerivedData/safeguardian-ehtzvapjlrfgxpdehqgynegxowui/Build/Intermediates.noindex/GeneratedModuleMaps-iphonesimulator/bitchat.modulemap /Users/m1a4xnetworkprobe./Library/Developer/Xcode/DerivedData/safeguardian-ehtzvapjlrfgxpdehqgynegxowui/Build/Intermediates.noindex/bitchat.build/Debug-iphonesimulator/bitchat.build/bitchat.modulemap (in target 'bitchat' from project 'bitchat')
    cd /Applications/safeguardian/safeguardian/safeguardian/bitchat
    builtin-copy -exclude .DS_Store -exclude CVS -exclude .svn -exclude .git -exclude .hg -resolve-src-symlinks /Users/m1a4xnetworkprobe./Library/Developer/Xcode/DerivedData/safeguardian-ehtzvapjlrfgxpdehqgynegxowui/Build/Intermediates.noindex/bitchat.build/Debug-iphonesimulator/bitchat.build/bitchat.modulemap /Users/m1a4xnetworkprobe./Library/Developer/Xcode/DerivedData/safeguardian-ehtzvapjlrfgxpdehqgynegxowui/Build/Intermediates.noindex/GeneratedModuleMaps-iphonesimulator

SwiftDriver bitchat normal arm64 com.apple.xcode.tools.swift.compiler (in target 'bitchat' from project 'bitchat')
    cd /Applications/safeguardian/safeguardian/safeguardian.xcodeproj
    builtin-SwiftDriver -- /Applications/Xcode.app/Contents/Developer/Toolchains/XcodeDefault.xctoolchain/usr/bin/swiftc -module-name bitchat -Onone -enforce-exclusivity\=checked @/Users/m1a4xnetworkprobe./Library/Developer/Xcode/DerivedData/safeguardian-ehtzvapjlrfgxpdehqgynegxowui/Build/Intermediates.noindex/bitchat.build/Debug-iphonesimulator/bitchat.build/Objects-normal/arm64/bitchat.SwiftFileList -DSWIFT_PACKAGE -DDEBUG -DXcode -plugin-path /Applications/Xcode.app/Contents/Developer/Toolchains/XcodeDefault.xctoolchain/usr/lib/swift/host/plugins/testing -enable-experimental-feature DebugDescriptionMacro -sdk /Applications/Xcode.app/Contents/Developer/Platforms/iPhoneSimulator.platform/Developer/SDKs/iPhoneSimulator18.5.sdk -target arm64-apple-ios16.0-simulator -g -module-cache-path /Users/m1a4xnetworkprobe./Library/Developer/Xcode/DerivedData/ModuleCache.noindex -Xfrontend -serialize-debugging-options -profile-coverage-mapping -profile-generate -enable-testing -index-store-path /Users/m1a4xnetworkprobe./Library/Developer/Xcode/DerivedData/safeguardian-ehtzvapjlrfgxpdehqgynegxowui/Index.noindex/DataStore -swift-version 5 -I /Users/m1a4xnetworkprobe./Library/Developer/Xcode/DerivedData/safeguardian-ehtzvapjlrfgxpdehqgynegxowui/Build/Products/Debug-iphonesimulator -I /Applications/Xcode.app/Contents/Developer/Platforms/iPhoneSimulator.platform/Developer/usr/lib -F /Users/m1a4xnetworkprobe./Library/Developer/Xcode/DerivedData/safeguardian-ehtzvapjlrfgxpdehqgynegxowui/Build/Products/Debug-iphonesimulator -F /Applications/Xcode.app/Contents/Developer/Platforms/iPhoneSimulator.platform/Developer/Library/Frameworks -F /Applications/Xcode.app/Contents/Developer/Platforms/iPhoneSimulator.platform/Developer/SDKs/iPhoneSimulator18.5.sdk/Developer/Library/Frameworks -c -j12 -enable-batch-mode -incremental -Xcc -ivfsstatcache -Xcc /Users/m1a4xnetworkprobe./Library/Developer/Xcode/DerivedData/SDKStatCaches.noindex/iphonesimulator18.5-22F76-d5fc8ad4295d2ef488fb7d0f804ce0c4.sdkstatcache -output-file-map /Users/m1a4xnetworkprobe./Library/Developer/Xcode/DerivedData/safeguardian-ehtzvapjlrfgxpdehqgynegxowui/Build/Intermediates.noindex/bitchat.build/Debug-iphonesimulator/bitchat.build/Objects-normal/arm64/bitchat-OutputFileMap.json -use-frontend-parseable-output -save-temps -no-color-diagnostics -serialize-diagnostics -emit-dependencies -emit-module -emit-module-path /Users/m1a4xnetworkprobe./Library/Developer/Xcode/DerivedData/safeguardian-ehtzvapjlrfgxpdehqgynegxowui/Build/Intermediates.noindex/bitchat.build/Debug-iphonesimulator/bitchat.build/Objects-normal/arm64/bitchat.swiftmodule -validate-clang-modules-once -clang-build-session-file /Users/m1a4xnetworkprobe./Library/Developer/Xcode/DerivedData/ModuleCache.noindex/Session.modulevalidation -package-name bitchat -Xcc -I/Users/m1a4xnetworkprobe./Library/Developer/Xcode/DerivedData/safeguardian-ehtzvapjlrfgxpdehqgynegxowui/Build/Intermediates.noindex/bitchat.build/Debug-iphonesimulator/bitchat.build/swift-overrides.hmap -emit-const-values -Xfrontend -const-gather-protocols-file -Xfrontend /Users/m1a4xnetworkprobe./Library/Developer/Xcode/DerivedData/safeguardian-ehtzvapjlrfgxpdehqgynegxowui/Build/Intermediates.noindex/bitchat.build/Debug-iphonesimulator/bitchat.build/Objects-normal/arm64/bitchat_const_extract_protocols.json -Xcc -I/Users/m1a4xnetworkprobe./Library/Developer/Xcode/DerivedData/safeguardian-ehtzvapjlrfgxpdehqgynegxowui/Build/Products/Debug-iphonesimulator/include -Xcc -I/Users/m1a4xnetworkprobe./Library/Developer/Xcode/DerivedData/safeguardian-ehtzvapjlrfgxpdehqgynegxowui/Build/Intermediates.noindex/bitchat.build/Debug-iphonesimulator/bitchat.build/DerivedSources-normal/arm64 -Xcc -I/Users/m1a4xnetworkprobe./Library/Developer/Xcode/DerivedData/safeguardian-ehtzvapjlrfgxpdehqgynegxowui/Build/Intermediates.noindex/bitchat.build/Debug-iphonesimulator/bitchat.build/DerivedSources/arm64 -Xcc -I/Users/m1a4xnetworkprobe./Library/Developer/Xcode/DerivedData/safeguardian-ehtzvapjlrfgxpdehqgynegxowui/Build/Intermediates.noindex/bitchat.build/Debug-iphonesimulator/bitchat.build/DerivedSources -Xcc -DSWIFT_PACKAGE -Xcc -DDEBUG\=1 -emit-objc-header -emit-objc-header-path /Users/m1a4xnetworkprobe./Library/Developer/Xcode/DerivedData/safeguardian-ehtzvapjlrfgxpdehqgynegxowui/Build/Intermediates.noindex/bitchat.build/Debug-iphonesimulator/bitchat.build/Objects-normal/arm64/bitchat-Swift.h -working-directory /Applications/safeguardian/safeguardian/safeguardian.xcodeproj -experimental-emit-module-separately -disable-cmo

SwiftCompile normal arm64 Compiling\ NoiseSecurityConsiderations.swift,\ NoiseSession.swift /Applications/safeguardian/safeguardian/safeguardian/bitchat/bitchat/Noise/NoiseSecurityConsiderations.swift /Applications/safeguardian/safeguardian/safeguardian/bitchat/bitchat/Noise/NoiseSession.swift (in target 'bitchat' from project 'bitchat')

SwiftCompile normal arm64 /Applications/safeguardian/safeguardian/safeguardian/bitchat/bitchat/Noise/NoiseSecurityConsiderations.swift (in target 'bitchat' from project 'bitchat')
    cd /Applications/safeguardian/safeguardian/safeguardian.xcodeproj
    

SwiftCompile normal arm64 /Applications/safeguardian/safeguardian/safeguardian/bitchat/bitchat/Noise/NoiseSession.swift (in target 'bitchat' from project 'bitchat')
    cd /Applications/safeguardian/safeguardian/safeguardian.xcodeproj
    

SwiftCompile normal arm64 Compiling\ NotificationService.swift,\ BatteryOptimizer.swift /Applications/safeguardian/safeguardian/safeguardian/bitchat/bitchat/Services/NotificationService.swift /Applications/safeguardian/safeguardian/safeguardian/bitchat/bitchat/Utils/BatteryOptimizer.swift (in target 'bitchat' from project 'bitchat')

SwiftCompile normal arm64 /Applications/safeguardian/safeguardian/safeguardian/bitchat/bitchat/Services/NotificationService.swift (in target 'bitchat' from project 'bitchat')
    cd /Applications/safeguardian/safeguardian/safeguardian.xcodeproj
    

SwiftCompile normal arm64 /Applications/safeguardian/safeguardian/safeguardian/bitchat/bitchat/Utils/BatteryOptimizer.swift (in target 'bitchat' from project 'bitchat')
    cd /Applications/safeguardian/safeguardian/safeguardian.xcodeproj
    

SwiftCompile normal arm64 Compiling\ MessageRetryService.swift,\ NoiseEncryptionService.swift /Applications/safeguardian/safeguardian/safeguardian/bitchat/bitchat/Services/MessageRetryService.swift /Applications/safeguardian/safeguardian/safeguardian/bitchat/bitchat/Services/NoiseEncryptionService.swift (in target 'bitchat' from project 'bitchat')
SwiftCompile normal arm64 /Applications/safeguardian/safeguardian/safeguardian/bitchat/bitchat/Services/MessageRetryService.swift (in target 'bitchat' from project 'bitchat')
    cd /Applications/safeguardian/safeguardian/safeguardian.xcodeproj
    

SwiftCompile normal arm64 /Applications/safeguardian/safeguardian/safeguardian/bitchat/bitchat/Services/NoiseEncryptionService.swift (in target 'bitchat' from project 'bitchat')
    cd /Applications/safeguardian/safeguardian/safeguardian.xcodeproj
    

SwiftCompile normal arm64 Compiling\ DeliveryTracker.swift,\ KeychainManager.swift /Applications/safeguardian/safeguardian/safeguardian/bitchat/bitchat/Services/DeliveryTracker.swift /Applications/safeguardian/safeguardian/safeguardian/bitchat/bitchat/Services/KeychainManager.swift (in target 'bitchat' from project 'bitchat')

SwiftCompile normal arm64 /Applications/safeguardian/safeguardian/safeguardian/bitchat/bitchat/Services/DeliveryTracker.swift (in target 'bitchat' from project 'bitchat')
    cd /Applications/safeguardian/safeguardian/safeguardian.xcodeproj
    

SwiftCompile normal arm64 /Applications/safeguardian/safeguardian/safeguardian/bitchat/bitchat/Services/KeychainManager.swift (in target 'bitchat' from project 'bitchat')
    cd /Applications/safeguardian/safeguardian/safeguardian.xcodeproj
    

SwiftCompile normal arm64 Compiling\ BinaryEncodingUtils.swift,\ BinaryProtocol.swift /Applications/safeguardian/safeguardian/safeguardian/bitchat/bitchat/Protocols/BinaryEncodingUtils.swift /Applications/safeguardian/safeguardian/safeguardian/bitchat/bitchat/Protocols/BinaryProtocol.swift (in target 'bitchat' from project 'bitchat')
SwiftCompile normal arm64 /Applications/safeguardian/safeguardian/safeguardian/bitchat/bitchat/Protocols/BinaryEncodingUtils.swift (in target 'bitchat' from project 'bitchat')
    cd /Applications/safeguardian/safeguardian/safeguardian.xcodeproj
    

SwiftCompile normal arm64 /Applications/safeguardian/safeguardian/safeguardian/bitchat/bitchat/Protocols/BinaryProtocol.swift (in target 'bitchat' from project 'bitchat')
    cd /Applications/safeguardian/safeguardian/safeguardian.xcodeproj
    

SwiftCompile normal arm64 Compiling\ SecureLogger.swift /Applications/safeguardian/safeguardian/safeguardian/bitchat/bitchat/Utils/SecureLogger.swift (in target 'bitchat' from project 'bitchat')

SwiftCompile normal arm64 /Applications/safeguardian/safeguardian/safeguardian/bitchat/bitchat/Utils/SecureLogger.swift (in target 'bitchat' from project 'bitchat')
    cd /Applications/safeguardian/safeguardian/safeguardian.xcodeproj
    

SwiftCompile normal arm64 Compiling\ ChatViewModel.swift /Applications/safeguardian/safeguardian/safeguardian/bitchat/bitchat/ViewModels/ChatViewModel.swift (in target 'bitchat' from project 'bitchat')
SwiftCompile normal arm64 /Applications/safeguardian/safeguardian/safeguardian/bitchat/bitchat/ViewModels/ChatViewModel.swift (in target 'bitchat' from project 'bitchat')
    cd /Applications/safeguardian/safeguardian/safeguardian.xcodeproj
    

SwiftCompile normal arm64 Compiling\ NoiseHandshakeCoordinator.swift,\ NoiseProtocol.swift /Applications/safeguardian/safeguardian/safeguardian/bitchat/bitchat/Noise/NoiseHandshakeCoordinator.swift /Applications/safeguardian/safeguardian/safeguardian/bitchat/bitchat/Noise/NoiseProtocol.swift (in target 'bitchat' from project 'bitchat')

SwiftCompile normal arm64 /Applications/safeguardian/safeguardian/safeguardian/bitchat/bitchat/Noise/NoiseHandshakeCoordinator.swift (in target 'bitchat' from project 'bitchat')
    cd /Applications/safeguardian/safeguardian/safeguardian.xcodeproj
    

SwiftCompile normal arm64 /Applications/safeguardian/safeguardian/safeguardian/bitchat/bitchat/Noise/NoiseProtocol.swift (in target 'bitchat' from project 'bitchat')
    cd /Applications/safeguardian/safeguardian/safeguardian.xcodeproj
    

SwiftEmitModule normal arm64 Emitting\ module\ for\ bitchat (in target 'bitchat' from project 'bitchat')

EmitSwiftModule normal arm64 (in target 'bitchat' from project 'bitchat')
    cd /Applications/safeguardian/safeguardian/safeguardian.xcodeproj
    

SwiftCompile normal arm64 Compiling\ IdentityModels.swift,\ SecureIdentityStateManager.swift /Applications/safeguardian/safeguardian/safeguardian/bitchat/bitchat/Identity/IdentityModels.swift /Applications/safeguardian/safeguardian/safeguardian/bitchat/bitchat/Identity/SecureIdentityStateManager.swift (in target 'bitchat' from project 'bitchat')

SwiftCompile normal arm64 /Applications/safeguardian/safeguardian/safeguardian/bitchat/bitchat/Identity/IdentityModels.swift (in target 'bitchat' from project 'bitchat')
    cd /Applications/safeguardian/safeguardian/safeguardian.xcodeproj
    

SwiftCompile normal arm64 /Applications/safeguardian/safeguardian/safeguardian/bitchat/bitchat/Identity/SecureIdentityStateManager.swift (in target 'bitchat' from project 'bitchat')
    cd /Applications/safeguardian/safeguardian/safeguardian.xcodeproj
    

SwiftCompile normal arm64 Compiling\ CompressionUtil.swift,\ LRUCache.swift /Applications/safeguardian/safeguardian/safeguardian/bitchat/bitchat/Utils/CompressionUtil.swift /Applications/safeguardian/safeguardian/safeguardian/bitchat/bitchat/Utils/LRUCache.swift (in target 'bitchat' from project 'bitchat')

SwiftCompile normal arm64 /Applications/safeguardian/safeguardian/safeguardian/bitchat/bitchat/Utils/CompressionUtil.swift (in target 'bitchat' from project 'bitchat')
    cd /Applications/safeguardian/safeguardian/safeguardian.xcodeproj
    

SwiftCompile normal arm64 /Applications/safeguardian/safeguardian/safeguardian/bitchat/bitchat/Utils/LRUCache.swift (in target 'bitchat' from project 'bitchat')
    cd /Applications/safeguardian/safeguardian/safeguardian.xcodeproj
    

SwiftCompile normal arm64 Compiling\ BitchatProtocol.swift,\ BluetoothMeshService.swift /Applications/safeguardian/safeguardian/safeguardian/bitchat/bitchat/Protocols/BitchatProtocol.swift /Applications/safeguardian/safeguardian/safeguardian/bitchat/bitchat/Services/BluetoothMeshService.swift (in target 'bitchat' from project 'bitchat')
SwiftCompile normal arm64 /Applications/safeguardian/safeguardian/safeguardian/bitchat/bitchat/Protocols/BitchatProtocol.swift (in target 'bitchat' from project 'bitchat')
    cd /Applications/safeguardian/safeguardian/safeguardian.xcodeproj
    

SwiftCompile normal arm64 /Applications/safeguardian/safeguardian/safeguardian/bitchat/bitchat/Services/BluetoothMeshService.swift (in target 'bitchat' from project 'bitchat')
    cd /Applications/safeguardian/safeguardian/safeguardian.xcodeproj
    

SwiftCompile normal arm64 Compiling\ OptimizedBloomFilter.swift /Applications/safeguardian/safeguardian/safeguardian/bitchat/bitchat/Utils/OptimizedBloomFilter.swift (in target 'bitchat' from project 'bitchat')

SwiftCompile normal arm64 /Applications/safeguardian/safeguardian/safeguardian/bitchat/bitchat/Utils/OptimizedBloomFilter.swift (in target 'bitchat' from project 'bitchat')
    cd /Applications/safeguardian/safeguardian/safeguardian.xcodeproj
    

SwiftDriverJobDiscovery normal arm64 Compiling SecureLogger.swift (in target 'bitchat' from project 'bitchat')

SwiftDriverJobDiscovery normal arm64 Compiling CompressionUtil.swift, LRUCache.swift (in target 'bitchat' from project 'bitchat')

SwiftDriverJobDiscovery normal arm64 Compiling NotificationService.swift, BatteryOptimizer.swift (in target 'bitchat' from project 'bitchat')

SwiftDriverJobDiscovery normal arm64 Emitting module for bitchat (in target 'bitchat' from project 'bitchat')

SwiftDriver\ Compilation\ Requirements bitchat normal arm64 com.apple.xcode.tools.swift.compiler (in target 'bitchat' from project 'bitchat')
    cd /Applications/safeguardian/safeguardian/safeguardian.xcodeproj
    builtin-Swift-Compilation-Requirements -- /Applications/Xcode.app/Contents/Developer/Toolchains/XcodeDefault.xctoolchain/usr/bin/swiftc -module-name bitchat -Onone -enforce-exclusivity\=checked @/Users/m1a4xnetworkprobe./Library/Developer/Xcode/DerivedData/safeguardian-ehtzvapjlrfgxpdehqgynegxowui/Build/Intermediates.noindex/bitchat.build/Debug-iphonesimulator/bitchat.build/Objects-normal/arm64/bitchat.SwiftFileList -DSWIFT_PACKAGE -DDEBUG -DXcode -plugin-path /Applications/Xcode.app/Contents/Developer/Toolchains/XcodeDefault.xctoolchain/usr/lib/swift/host/plugins/testing -enable-experimental-feature DebugDescriptionMacro -sdk /Applications/Xcode.app/Contents/Developer/Platforms/iPhoneSimulator.platform/Developer/SDKs/iPhoneSimulator18.5.sdk -target arm64-apple-ios16.0-simulator -g -module-cache-path /Users/m1a4xnetworkprobe./Library/Developer/Xcode/DerivedData/ModuleCache.noindex -Xfrontend -serialize-debugging-options -profile-coverage-mapping -profile-generate -enable-testing -index-store-path /Users/m1a4xnetworkprobe./Library/Developer/Xcode/DerivedData/safeguardian-ehtzvapjlrfgxpdehqgynegxowui/Index.noindex/DataStore -swift-version 5 -I /Users/m1a4xnetworkprobe./Library/Developer/Xcode/DerivedData/safeguardian-ehtzvapjlrfgxpdehqgynegxowui/Build/Products/Debug-iphonesimulator -I /Applications/Xcode.app/Contents/Developer/Platforms/iPhoneSimulator.platform/Developer/usr/lib -F /Users/m1a4xnetworkprobe./Library/Developer/Xcode/DerivedData/safeguardian-ehtzvapjlrfgxpdehqgynegxowui/Build/Products/Debug-iphonesimulator -F /Applications/Xcode.app/Contents/Developer/Platforms/iPhoneSimulator.platform/Developer/Library/Frameworks -F /Applications/Xcode.app/Contents/Developer/Platforms/iPhoneSimulator.platform/Developer/SDKs/iPhoneSimulator18.5.sdk/Developer/Library/Frameworks -c -j12 -enable-batch-mode -incremental -Xcc -ivfsstatcache -Xcc /Users/m1a4xnetworkprobe./Library/Developer/Xcode/DerivedData/SDKStatCaches.noindex/iphonesimulator18.5-22F76-d5fc8ad4295d2ef488fb7d0f804ce0c4.sdkstatcache -output-file-map /Users/m1a4xnetworkprobe./Library/Developer/Xcode/DerivedData/safeguardian-ehtzvapjlrfgxpdehqgynegxowui/Build/Intermediates.noindex/bitchat.build/Debug-iphonesimulator/bitchat.build/Objects-normal/arm64/bitchat-OutputFileMap.json -use-frontend-parseable-output -save-temps -no-color-diagnostics -serialize-diagnostics -emit-dependencies -emit-module -emit-module-path /Users/m1a4xnetworkprobe./Library/Developer/Xcode/DerivedData/safeguardian-ehtzvapjlrfgxpdehqgynegxowui/Build/Intermediates.noindex/bitchat.build/Debug-iphonesimulator/bitchat.build/Objects-normal/arm64/bitchat.swiftmodule -validate-clang-modules-once -clang-build-session-file /Users/m1a4xnetworkprobe./Library/Developer/Xcode/DerivedData/ModuleCache.noindex/Session.modulevalidation -package-name bitchat -Xcc -I/Users/m1a4xnetworkprobe./Library/Developer/Xcode/DerivedData/safeguardian-ehtzvapjlrfgxpdehqgynegxowui/Build/Intermediates.noindex/bitchat.build/Debug-iphonesimulator/bitchat.build/swift-overrides.hmap -emit-const-values -Xfrontend -const-gather-protocols-file -Xfrontend /Users/m1a4xnetworkprobe./Library/Developer/Xcode/DerivedData/safeguardian-ehtzvapjlrfgxpdehqgynegxowui/Build/Intermediates.noindex/bitchat.build/Debug-iphonesimulator/bitchat.build/Objects-normal/arm64/bitchat_const_extract_protocols.json -Xcc -I/Users/m1a4xnetworkprobe./Library/Developer/Xcode/DerivedData/safeguardian-ehtzvapjlrfgxpdehqgynegxowui/Build/Products/Debug-iphonesimulator/include -Xcc -I/Users/m1a4xnetworkprobe./Library/Developer/Xcode/DerivedData/safeguardian-ehtzvapjlrfgxpdehqgynegxowui/Build/Intermediates.noindex/bitchat.build/Debug-iphonesimulator/bitchat.build/DerivedSources-normal/arm64 -Xcc -I/Users/m1a4xnetworkprobe./Library/Developer/Xcode/DerivedData/safeguardian-ehtzvapjlrfgxpdehqgynegxowui/Build/Intermediates.noindex/bitchat.build/Debug-iphonesimulator/bitchat.build/DerivedSources/arm64 -Xcc -I/Users/m1a4xnetworkprobe./Library/Developer/Xcode/DerivedData/safeguardian-ehtzvapjlrfgxpdehqgynegxowui/Build/Intermediates.noindex/bitchat.build/Debug-iphonesimulator/bitchat.build/DerivedSources -Xcc -DSWIFT_PACKAGE -Xcc -DDEBUG\=1 -emit-objc-header -emit-objc-header-path /Users/m1a4xnetworkprobe./Library/Developer/Xcode/DerivedData/safeguardian-ehtzvapjlrfgxpdehqgynegxowui/Build/Intermediates.noindex/bitchat.build/Debug-iphonesimulator/bitchat.build/Objects-normal/arm64/bitchat-Swift.h -working-directory /Applications/safeguardian/safeguardian/safeguardian.xcodeproj -experimental-emit-module-separately -disable-cmo

SwiftMergeGeneratedHeaders /Users/m1a4xnetworkprobe./Library/Developer/Xcode/DerivedData/safeguardian-ehtzvapjlrfgxpdehqgynegxowui/Build/Intermediates.noindex/GeneratedModuleMaps-iphonesimulator/bitchat-Swift.h /Users/m1a4xnetworkprobe./Library/Developer/Xcode/DerivedData/safeguardian-ehtzvapjlrfgxpdehqgynegxowui/Build/Intermediates.noindex/bitchat.build/Debug-iphonesimulator/bitchat.build/Objects-normal/arm64/bitchat-Swift.h (in target 'bitchat' from project 'bitchat')
    cd /Applications/safeguardian/safeguardian/safeguardian/bitchat
    builtin-swiftHeaderTool -arch arm64 /Users/m1a4xnetworkprobe./Library/Developer/Xcode/DerivedData/safeguardian-ehtzvapjlrfgxpdehqgynegxowui/Build/Intermediates.noindex/bitchat.build/Debug-iphonesimulator/bitchat.build/Objects-normal/arm64/bitchat-Swift.h -o /Users/m1a4xnetworkprobe./Library/Developer/Xcode/DerivedData/safeguardian-ehtzvapjlrfgxpdehqgynegxowui/Build/Intermediates.noindex/GeneratedModuleMaps-iphonesimulator/bitchat-Swift.h

Copy /Users/m1a4xnetworkprobe./Library/Developer/Xcode/DerivedData/safeguardian-ehtzvapjlrfgxpdehqgynegxowui/Build/Products/Debug-iphonesimulator/bitchat.swiftmodule/arm64-apple-ios-simulator.swiftdoc /Users/m1a4xnetworkprobe./Library/Developer/Xcode/DerivedData/safeguardian-ehtzvapjlrfgxpdehqgynegxowui/Build/Intermediates.noindex/bitchat.build/Debug-iphonesimulator/bitchat.build/Objects-normal/arm64/bitchat.swiftdoc (in target 'bitchat' from project 'bitchat')
    cd /Applications/safeguardian/safeguardian/safeguardian/bitchat
    builtin-copy -exclude .DS_Store -exclude CVS -exclude .svn -exclude .git -exclude .hg -resolve-src-symlinks -rename /Users/m1a4xnetworkprobe./Library/Developer/Xcode/DerivedData/safeguardian-ehtzvapjlrfgxpdehqgynegxowui/Build/Intermediates.noindex/bitchat.build/Debug-iphonesimulator/bitchat.build/Objects-normal/arm64/bitchat.swiftdoc /Users/m1a4xnetworkprobe./Library/Developer/Xcode/DerivedData/safeguardian-ehtzvapjlrfgxpdehqgynegxowui/Build/Products/Debug-iphonesimulator/bitchat.swiftmodule/arm64-apple-ios-simulator.swiftdoc

Copy /Users/m1a4xnetworkprobe./Library/Developer/Xcode/DerivedData/safeguardian-ehtzvapjlrfgxpdehqgynegxowui/Build/Products/Debug-iphonesimulator/bitchat.swiftmodule/arm64-apple-ios-simulator.swiftmodule /Users/m1a4xnetworkprobe./Library/Developer/Xcode/DerivedData/safeguardian-ehtzvapjlrfgxpdehqgynegxowui/Build/Intermediates.noindex/bitchat.build/Debug-iphonesimulator/bitchat.build/Objects-normal/arm64/bitchat.swiftmodule (in target 'bitchat' from project 'bitchat')
    cd /Applications/safeguardian/safeguardian/safeguardian/bitchat
    builtin-copy -exclude .DS_Store -exclude CVS -exclude .svn -exclude .git -exclude .hg -resolve-src-symlinks -rename /Users/m1a4xnetworkprobe./Library/Developer/Xcode/DerivedData/safeguardian-ehtzvapjlrfgxpdehqgynegxowui/Build/Intermediates.noindex/bitchat.build/Debug-iphonesimulator/bitchat.build/Objects-normal/arm64/bitchat.swiftmodule /Users/m1a4xnetworkprobe./Library/Developer/Xcode/DerivedData/safeguardian-ehtzvapjlrfgxpdehqgynegxowui/Build/Products/Debug-iphonesimulator/bitchat.swiftmodule/arm64-apple-ios-simulator.swiftmodule

Copy /Users/m1a4xnetworkprobe./Library/Developer/Xcode/DerivedData/safeguardian-ehtzvapjlrfgxpdehqgynegxowui/Build/Products/Debug-iphonesimulator/bitchat.swiftmodule/arm64-apple-ios-simulator.abi.json /Users/m1a4xnetworkprobe./Library/Developer/Xcode/DerivedData/safeguardian-ehtzvapjlrfgxpdehqgynegxowui/Build/Intermediates.noindex/bitchat.build/Debug-iphonesimulator/bitchat.build/Objects-normal/arm64/bitchat.abi.json (in target 'bitchat' from project 'bitchat')
    cd /Applications/safeguardian/safeguardian/safeguardian/bitchat
    builtin-copy -exclude .DS_Store -exclude CVS -exclude .svn -exclude .git -exclude .hg -resolve-src-symlinks -rename /Users/m1a4xnetworkprobe./Library/Developer/Xcode/DerivedData/safeguardian-ehtzvapjlrfgxpdehqgynegxowui/Build/Intermediates.noindex/bitchat.build/Debug-iphonesimulator/bitchat.build/Objects-normal/arm64/bitchat.abi.json /Users/m1a4xnetworkprobe./Library/Developer/Xcode/DerivedData/safeguardian-ehtzvapjlrfgxpdehqgynegxowui/Build/Products/Debug-iphonesimulator/bitchat.swiftmodule/arm64-apple-ios-simulator.abi.json

Copy /Users/m1a4xnetworkprobe./Library/Developer/Xcode/DerivedData/safeguardian-ehtzvapjlrfgxpdehqgynegxowui/Build/Products/Debug-iphonesimulator/bitchat.swiftmodule/Project/arm64-apple-ios-simulator.swiftsourceinfo /Users/m1a4xnetworkprobe./Library/Developer/Xcode/DerivedData/safeguardian-ehtzvapjlrfgxpdehqgynegxowui/Build/Intermediates.noindex/bitchat.build/Debug-iphonesimulator/bitchat.build/Objects-normal/arm64/bitchat.swiftsourceinfo (in target 'bitchat' from project 'bitchat')
    cd /Applications/safeguardian/safeguardian/safeguardian/bitchat
    builtin-copy -exclude .DS_Store -exclude CVS -exclude .svn -exclude .git -exclude .hg -resolve-src-symlinks -rename /Users/m1a4xnetworkprobe./Library/Developer/Xcode/DerivedData/safeguardian-ehtzvapjlrfgxpdehqgynegxowui/Build/Intermediates.noindex/bitchat.build/Debug-iphonesimulator/bitchat.build/Objects-normal/arm64/bitchat.swiftsourceinfo /Users/m1a4xnetworkprobe./Library/Developer/Xcode/DerivedData/safeguardian-ehtzvapjlrfgxpdehqgynegxowui/Build/Products/Debug-iphonesimulator/bitchat.swiftmodule/Project/arm64-apple-ios-simulator.swiftsourceinfo

SwiftDriverJobDiscovery normal arm64 Compiling DeliveryTracker.swift, KeychainManager.swift (in target 'bitchat' from project 'bitchat')

ProcessProductPackaging "" /Users/m1a4xnetworkprobe./Library/Developer/Xcode/DerivedData/safeguardian-ehtzvapjlrfgxpdehqgynegxowui/Build/Intermediates.noindex/safeguardian.build/Debug-iphonesimulator/safeguardian.build/safeguardian.app-Simulated.xcent (in target 'safeguardian' from project 'safeguardian')
    cd /Applications/safeguardian/safeguardian
    
    Entitlements:
    
    {
    "application-identifier" = "V9KH637N7P.com.safeguardian.app";
}
    
    builtin-productPackagingUtility -entitlements -format xml -o /Users/m1a4xnetworkprobe./Library/Developer/Xcode/DerivedData/safeguardian-ehtzvapjlrfgxpdehqgynegxowui/Build/Intermediates.noindex/safeguardian.build/Debug-iphonesimulator/safeguardian.build/safeguardian.app-Simulated.xcent

ProcessProductPackagingDER /Users/m1a4xnetworkprobe./Library/Developer/Xcode/DerivedData/safeguardian-ehtzvapjlrfgxpdehqgynegxowui/Build/Intermediates.noindex/safeguardian.build/Debug-iphonesimulator/safeguardian.build/safeguardian.app-Simulated.xcent /Users/m1a4xnetworkprobe./Library/Developer/Xcode/DerivedData/safeguardian-ehtzvapjlrfgxpdehqgynegxowui/Build/Intermediates.noindex/safeguardian.build/Debug-iphonesimulator/safeguardian.build/safeguardian.app-Simulated.xcent.der (in target 'safeguardian' from project 'safeguardian')
    cd /Applications/safeguardian/safeguardian
    /usr/bin/derq query -f xml -i /Users/m1a4xnetworkprobe./Library/Developer/Xcode/DerivedData/safeguardian-ehtzvapjlrfgxpdehqgynegxowui/Build/Intermediates.noindex/safeguardian.build/Debug-iphonesimulator/safeguardian.build/safeguardian.app-Simulated.xcent -o /Users/m1a4xnetworkprobe./Library/Developer/Xcode/DerivedData/safeguardian-ehtzvapjlrfgxpdehqgynegxowui/Build/Intermediates.noindex/safeguardian.build/Debug-iphonesimulator/safeguardian.build/safeguardian.app-Simulated.xcent.der --raw

SwiftDriverJobDiscovery normal arm64 Compiling NoiseSecurityConsiderations.swift, NoiseSession.swift (in target 'bitchat' from project 'bitchat')

GenerateAssetSymbols /Applications/safeguardian/safeguardian/safeguardian/Preview\ Content/Preview\ Assets.xcassets /Applications/safeguardian/safeguardian/safeguardian/Assets.xcassets (in target 'safeguardian' from project 'safeguardian')
    cd /Applications/safeguardian/safeguardian
    /Applications/Xcode.app/Contents/Developer/usr/bin/actool /Applications/safeguardian/safeguardian/safeguardian/Preview\ Content/Preview\ Assets.xcassets /Applications/safeguardian/safeguardian/safeguardian/Assets.xcassets --compile /Users/m1a4xnetworkprobe./Library/Developer/Xcode/DerivedData/safeguardian-ehtzvapjlrfgxpdehqgynegxowui/Build/Products/Debug-iphonesimulator/safeguardian.app --output-format human-readable-text --notices --warnings --export-dependency-info /Users/m1a4xnetworkprobe./Library/Developer/Xcode/DerivedData/safeguardian-ehtzvapjlrfgxpdehqgynegxowui/Build/Intermediates.noindex/safeguardian.build/Debug-iphonesimulator/safeguardian.build/assetcatalog_dependencies --output-partial-info-plist /Users/m1a4xnetworkprobe./Library/Developer/Xcode/DerivedData/safeguardian-ehtzvapjlrfgxpdehqgynegxowui/Build/Intermediates.noindex/safeguardian.build/Debug-iphonesimulator/safeguardian.build/assetcatalog_generated_info.plist --app-icon AppIcon --accent-color AccentColor --compress-pngs --enable-on-demand-resources YES --development-region en --target-device iphone --target-device ipad --minimum-deployment-target 18.2 --platform iphonesimulator --bundle-identifier com.safeguardian.app --generate-swift-asset-symbols /Users/m1a4xnetworkprobe./Library/Developer/Xcode/DerivedData/safeguardian-ehtzvapjlrfgxpdehqgynegxowui/Build/Intermediates.noindex/safeguardian.build/Debug-iphonesimulator/safeguardian.build/DerivedSources/GeneratedAssetSymbols.swift --generate-objc-asset-symbols /Users/m1a4xnetworkprobe./Library/Developer/Xcode/DerivedData/safeguardian-ehtzvapjlrfgxpdehqgynegxowui/Build/Intermediates.noindex/safeguardian.build/Debug-iphonesimulator/safeguardian.build/DerivedSources/GeneratedAssetSymbols.h --generate-asset-symbol-index /Users/m1a4xnetworkprobe./Library/Developer/Xcode/DerivedData/safeguardian-ehtzvapjlrfgxpdehqgynegxowui/Build/Intermediates.noindex/safeguardian.build/Debug-iphonesimulator/safeguardian.build/DerivedSources/GeneratedAssetSymbols-Index.plist
/* com.apple.actool.compilation-results */
/Users/m1a4xnetworkprobe./Library/Developer/Xcode/DerivedData/safeguardian-ehtzvapjlrfgxpdehqgynegxowui/Build/Intermediates.noindex/safeguardian.build/Debug-iphonesimulator/safeguardian.build/DerivedSources/GeneratedAssetSymbols-Index.plist
/Users/m1a4xnetworkprobe./Library/Developer/Xcode/DerivedData/safeguardian-ehtzvapjlrfgxpdehqgynegxowui/Build/Intermediates.noindex/safeguardian.build/Debug-iphonesimulator/safeguardian.build/DerivedSources/GeneratedAssetSymbols.h
/Users/m1a4xnetworkprobe./Library/Developer/Xcode/DerivedData/safeguardian-ehtzvapjlrfgxpdehqgynegxowui/Build/Intermediates.noindex/safeguardian.build/Debug-iphonesimulator/safeguardian.build/DerivedSources/GeneratedAssetSymbols.swift


MkDir /Users/m1a4xnetworkprobe./Library/Developer/Xcode/DerivedData/safeguardian-ehtzvapjlrfgxpdehqgynegxowui/Build/Intermediates.noindex/safeguardian.build/Debug-iphonesimulator/safeguardian.build/assetcatalog_output/thinned (in target 'safeguardian' from project 'safeguardian')
    cd /Applications/safeguardian/safeguardian
    /bin/mkdir -p /Users/m1a4xnetworkprobe./Library/Developer/Xcode/DerivedData/safeguardian-ehtzvapjlrfgxpdehqgynegxowui/Build/Intermediates.noindex/safeguardian.build/Debug-iphonesimulator/safeguardian.build/assetcatalog_output/thinned

MkDir /Users/m1a4xnetworkprobe./Library/Developer/Xcode/DerivedData/safeguardian-ehtzvapjlrfgxpdehqgynegxowui/Build/Intermediates.noindex/safeguardian.build/Debug-iphonesimulator/safeguardian.build/assetcatalog_output/unthinned (in target 'safeguardian' from project 'safeguardian')
    cd /Applications/safeguardian/safeguardian
    /bin/mkdir -p /Users/m1a4xnetworkprobe./Library/Developer/Xcode/DerivedData/safeguardian-ehtzvapjlrfgxpdehqgynegxowui/Build/Intermediates.noindex/safeguardian.build/Debug-iphonesimulator/safeguardian.build/assetcatalog_output/unthinned

CompileAssetCatalogVariant thinned /Users/m1a4xnetworkprobe./Library/Developer/Xcode/DerivedData/safeguardian-ehtzvapjlrfgxpdehqgynegxowui/Build/Products/Debug-iphonesimulator/safeguardian.app /Applications/safeguardian/safeguardian/safeguardian/Preview\ Content/Preview\ Assets.xcassets /Applications/safeguardian/safeguardian/safeguardian/Assets.xcassets (in target 'safeguardian' from project 'safeguardian')
    cd /Applications/safeguardian/safeguardian
    /Applications/Xcode.app/Contents/Developer/usr/bin/actool /Applications/safeguardian/safeguardian/safeguardian/Preview\ Content/Preview\ Assets.xcassets /Applications/safeguardian/safeguardian/safeguardian/Assets.xcassets --compile /Users/m1a4xnetworkprobe./Library/Developer/Xcode/DerivedData/safeguardian-ehtzvapjlrfgxpdehqgynegxowui/Build/Intermediates.noindex/safeguardian.build/Debug-iphonesimulator/safeguardian.build/assetcatalog_output/thinned --output-format human-readable-text --notices --warnings --export-dependency-info /Users/m1a4xnetworkprobe./Library/Developer/Xcode/DerivedData/safeguardian-ehtzvapjlrfgxpdehqgynegxowui/Build/Intermediates.noindex/safeguardian.build/Debug-iphonesimulator/safeguardian.build/assetcatalog_dependencies_thinned --output-partial-info-plist /Users/m1a4xnetworkprobe./Library/Developer/Xcode/DerivedData/safeguardian-ehtzvapjlrfgxpdehqgynegxowui/Build/Intermediates.noindex/safeguardian.build/Debug-iphonesimulator/safeguardian.build/assetcatalog_generated_info.plist_thinned --app-icon AppIcon --accent-color AccentColor --compress-pngs --enable-on-demand-resources YES --filter-for-thinning-device-configuration iPhone17,3 --filter-for-device-os-version 18.6 --development-region en --target-device iphone --target-device ipad --minimum-deployment-target 18.2 --platform iphonesimulator
/* com.apple.actool.compilation-results */
/Users/m1a4xnetworkprobe./Library/Developer/Xcode/DerivedData/safeguardian-ehtzvapjlrfgxpdehqgynegxowui/Build/Intermediates.noindex/safeguardian.build/Debug-iphonesimulator/safeguardian.build/assetcatalog_generated_info.plist_thinned


LinkAssetCatalog /Applications/safeguardian/safeguardian/safeguardian/Preview\ Content/Preview\ Assets.xcassets /Applications/safeguardian/safeguardian/safeguardian/Assets.xcassets (in target 'safeguardian' from project 'safeguardian')
    cd /Applications/safeguardian/safeguardian
    builtin-linkAssetCatalog --thinned /Users/m1a4xnetworkprobe./Library/Developer/Xcode/DerivedData/safeguardian-ehtzvapjlrfgxpdehqgynegxowui/Build/Intermediates.noindex/safeguardian.build/Debug-iphonesimulator/safeguardian.build/assetcatalog_output/thinned --thinned-dependencies /Users/m1a4xnetworkprobe./Library/Developer/Xcode/DerivedData/safeguardian-ehtzvapjlrfgxpdehqgynegxowui/Build/Intermediates.noindex/safeguardian.build/Debug-iphonesimulator/safeguardian.build/assetcatalog_dependencies_thinned --thinned-info-plist-content /Users/m1a4xnetworkprobe./Library/Developer/Xcode/DerivedData/safeguardian-ehtzvapjlrfgxpdehqgynegxowui/Build/Intermediates.noindex/safeguardian.build/Debug-iphonesimulator/safeguardian.build/assetcatalog_generated_info.plist_thinned --unthinned /Users/m1a4xnetworkprobe./Library/Developer/Xcode/DerivedData/safeguardian-ehtzvapjlrfgxpdehqgynegxowui/Build/Intermediates.noindex/safeguardian.build/Debug-iphonesimulator/safeguardian.build/assetcatalog_output/unthinned --unthinned-dependencies /Users/m1a4xnetworkprobe./Library/Developer/Xcode/DerivedData/safeguardian-ehtzvapjlrfgxpdehqgynegxowui/Build/Intermediates.noindex/safeguardian.build/Debug-iphonesimulator/safeguardian.build/assetcatalog_dependencies_unthinned --unthinned-info-plist-content /Users/m1a4xnetworkprobe./Library/Developer/Xcode/DerivedData/safeguardian-ehtzvapjlrfgxpdehqgynegxowui/Build/Intermediates.noindex/safeguardian.build/Debug-iphonesimulator/safeguardian.build/assetcatalog_generated_info.plist_unthinned --output /Users/m1a4xnetworkprobe./Library/Developer/Xcode/DerivedData/safeguardian-ehtzvapjlrfgxpdehqgynegxowui/Build/Products/Debug-iphonesimulator/safeguardian.app --plist-output /Users/m1a4xnetworkprobe./Library/Developer/Xcode/DerivedData/safeguardian-ehtzvapjlrfgxpdehqgynegxowui/Build/Intermediates.noindex/safeguardian.build/Debug-iphonesimulator/safeguardian.build/assetcatalog_generated_info.plist

SwiftDriver safeguardian normal arm64 com.apple.xcode.tools.swift.compiler (in target 'safeguardian' from project 'safeguardian')
    cd /Applications/safeguardian/safeguardian
    builtin-SwiftDriver -- /Applications/Xcode.app/Contents/Developer/Toolchains/XcodeDefault.xctoolchain/usr/bin/swiftc -module-name safeguardian -Onone -enforce-exclusivity\=checked @/Users/m1a4xnetworkprobe./Library/Developer/Xcode/DerivedData/safeguardian-ehtzvapjlrfgxpdehqgynegxowui/Build/Intermediates.noindex/safeguardian.build/Debug-iphonesimulator/safeguardian.build/Objects-normal/arm64/safeguardian.SwiftFileList -DDEBUG -enable-bare-slash-regex -enable-experimental-feature DebugDescriptionMacro -sdk /Applications/Xcode.app/Contents/Developer/Platforms/iPhoneSimulator.platform/Developer/SDKs/iPhoneSimulator18.5.sdk -target arm64-apple-ios18.2-simulator -g -module-cache-path /Users/m1a4xnetworkprobe./Library/Developer/Xcode/DerivedData/ModuleCache.noindex -Xfrontend -serialize-debugging-options -profile-coverage-mapping -profile-generate -enable-testing -index-store-path /Users/m1a4xnetworkprobe./Library/Developer/Xcode/DerivedData/safeguardian-ehtzvapjlrfgxpdehqgynegxowui/Index.noindex/DataStore -swift-version 5 -I /Users/m1a4xnetworkprobe./Library/Developer/Xcode/DerivedData/safeguardian-ehtzvapjlrfgxpdehqgynegxowui/Build/Products/Debug-iphonesimulator -F /Users/m1a4xnetworkprobe./Library/Developer/Xcode/DerivedData/safeguardian-ehtzvapjlrfgxpdehqgynegxowui/Build/Products/Debug-iphonesimulator/PackageFrameworks -F /Users/m1a4xnetworkprobe./Library/Developer/Xcode/DerivedData/safeguardian-ehtzvapjlrfgxpdehqgynegxowui/Build/Products/Debug-iphonesimulator -emit-localized-strings -emit-localized-strings-path /Users/m1a4xnetworkprobe./Library/Developer/Xcode/DerivedData/safeguardian-ehtzvapjlrfgxpdehqgynegxowui/Build/Intermediates.noindex/safeguardian.build/Debug-iphonesimulator/safeguardian.build/Objects-normal/arm64 -c -j12 -enable-batch-mode -incremental -Xcc -ivfsstatcache -Xcc /Users/m1a4xnetworkprobe./Library/Developer/Xcode/DerivedData/SDKStatCaches.noindex/iphonesimulator18.5-22F76-d5fc8ad4295d2ef488fb7d0f804ce0c4.sdkstatcache -output-file-map /Users/m1a4xnetworkprobe./Library/Developer/Xcode/DerivedData/safeguardian-ehtzvapjlrfgxpdehqgynegxowui/Build/Intermediates.noindex/safeguardian.build/Debug-iphonesimulator/safeguardian.build/Objects-normal/arm64/safeguardian-OutputFileMap.json -use-frontend-parseable-output -save-temps -no-color-diagnostics -serialize-diagnostics -emit-dependencies -emit-module -emit-module-path /Users/m1a4xnetworkprobe./Library/Developer/Xcode/DerivedData/safeguardian-ehtzvapjlrfgxpdehqgynegxowui/Build/Intermediates.noindex/safeguardian.build/Debug-iphonesimulator/safeguardian.build/Objects-normal/arm64/safeguardian.swiftmodule -validate-clang-modules-once -clang-build-session-file /Users/m1a4xnetworkprobe./Library/Developer/Xcode/DerivedData/ModuleCache.noindex/Session.modulevalidation -Xcc -I/Users/m1a4xnetworkprobe./Library/Developer/Xcode/DerivedData/safeguardian-ehtzvapjlrfgxpdehqgynegxowui/Build/Intermediates.noindex/safeguardian.build/Debug-iphonesimulator/safeguardian.build/swift-overrides.hmap -emit-const-values -Xfrontend -const-gather-protocols-file -Xfrontend /Users/m1a4xnetworkprobe./Library/Developer/Xcode/DerivedData/safeguardian-ehtzvapjlrfgxpdehqgynegxowui/Build/Intermediates.noindex/safeguardian.build/Debug-iphonesimulator/safeguardian.build/Objects-normal/arm64/safeguardian_const_extract_protocols.json -Xcc -iquote -Xcc /Users/m1a4xnetworkprobe./Library/Developer/Xcode/DerivedData/safeguardian-ehtzvapjlrfgxpdehqgynegxowui/Build/Intermediates.noindex/safeguardian.build/Debug-iphonesimulator/safeguardian.build/safeguardian-generated-files.hmap -Xcc -I/Users/m1a4xnetworkprobe./Library/Developer/Xcode/DerivedData/safeguardian-ehtzvapjlrfgxpdehqgynegxowui/Build/Intermediates.noindex/safeguardian.build/Debug-iphonesimulator/safeguardian.build/safeguardian-own-target-headers.hmap -Xcc -I/Users/m1a4xnetworkprobe./Library/Developer/Xcode/DerivedData/safeguardian-ehtzvapjlrfgxpdehqgynegxowui/Build/Intermediates.noindex/safeguardian.build/Debug-iphonesimulator/safeguardian.build/safeguardian-all-non-framework-target-headers.hmap -Xcc -ivfsoverlay -Xcc /Users/m1a4xnetworkprobe./Library/Developer/Xcode/DerivedData/safeguardian-ehtzvapjlrfgxpdehqgynegxowui/Build/Intermediates.noindex/safeguardian.build/Debug-iphonesimulator/safeguardian-afc51305d32548bb0d9b84e8f324d2d9-VFS-iphonesimulator/all-product-headers.yaml -Xcc -iquote -Xcc /Users/m1a4xnetworkprobe./Library/Developer/Xcode/DerivedData/safeguardian-ehtzvapjlrfgxpdehqgynegxowui/Build/Intermediates.noindex/safeguardian.build/Debug-iphonesimulator/safeguardian.build/safeguardian-project-headers.hmap -Xcc -I/Users/m1a4xnetworkprobe./Library/Developer/Xcode/DerivedData/safeguardian-ehtzvapjlrfgxpdehqgynegxowui/Build/Products/Debug-iphonesimulator/include -Xcc -I/Users/m1a4xnetworkprobe./Library/Developer/Xcode/DerivedData/safeguardian-ehtzvapjlrfgxpdehqgynegxowui/Build/Intermediates.noindex/safeguardian.build/Debug-iphonesimulator/safeguardian.build/DerivedSources-normal/arm64 -Xcc -I/Users/m1a4xnetworkprobe./Library/Developer/Xcode/DerivedData/safeguardian-ehtzvapjlrfgxpdehqgynegxowui/Build/Intermediates.noindex/safeguardian.build/Debug-iphonesimulator/safeguardian.build/DerivedSources/arm64 -Xcc -I/Users/m1a4xnetworkprobe./Library/Developer/Xcode/DerivedData/safeguardian-ehtzvapjlrfgxpdehqgynegxowui/Build/Intermediates.noindex/safeguardian.build/Debug-iphonesimulator/safeguardian.build/DerivedSources -Xcc -DDEBUG\=1 -emit-objc-header -emit-objc-header-path /Users/m1a4xnetworkprobe./Library/Developer/Xcode/DerivedData/safeguardian-ehtzvapjlrfgxpdehqgynegxowui/Build/Intermediates.noindex/safeguardian.build/Debug-iphonesimulator/safeguardian.build/Objects-normal/arm64/safeguardian-Swift.h -working-directory /Applications/safeguardian/safeguardian -experimental-emit-module-separately -disable-cmo

SwiftDriverJobDiscovery normal arm64 Compiling MessageRetryService.swift, NoiseEncryptionService.swift (in target 'bitchat' from project 'bitchat')

SwiftCompile normal arm64 Compiling\ MapComponents.swift,\ AuthenticationService.swift /Applications/safeguardian/safeguardian/safeguardian/Views/Map/MapComponents.swift /Applications/safeguardian/safeguardian/safeguardian/Services/AuthenticationService.swift (in target 'safeguardian' from project 'safeguardian')

SwiftCompile normal arm64 /Applications/safeguardian/safeguardian/safeguardian/Views/Map/MapComponents.swift (in target 'safeguardian' from project 'safeguardian')
    cd /Applications/safeguardian/safeguardian
    
/Applications/safeguardian/safeguardian/safeguardian/Views/Map/MapComponents.swift:315:37: warning: comparing non-optional value of type 'Double' to 'nil' always returns true
                if service.distance != nil {
                   ~~~~~~~~~~~~~~~~ ^  ~~~

SwiftCompile normal arm64 /Applications/safeguardian/safeguardian/safeguardian/Services/AuthenticationService.swift (in target 'safeguardian' from project 'safeguardian')
    cd /Applications/safeguardian/safeguardian
    
/Applications/safeguardian/safeguardian/safeguardian/Services/AuthenticationService.swift:165:31: warning: reference to captured var 'updatedUser' in concurrently-executing code; this is an error in the Swift 6 language mode
                currentUser = updatedUser
                              ^
/Applications/safeguardian/safeguardian/safeguardian/Services/AuthenticationService.swift:201:23: warning: immutable value 'userID' was never used; consider replacing with '_' or removing it
            guard let userID = userDefaults.string(forKey: "user_id"),
                  ~~~~^~~~~~
                  _
/Applications/safeguardian/safeguardian/safeguardian/Services/AuthenticationService.swift:215:35: warning: reference to captured var 'updatedUser' in concurrently-executing code; this is an error in the Swift 6 language mode
                    currentUser = updatedUser
                                  ^

SwiftCompile normal arm64 Compiling\ SafeGuardianMeshManager.swift,\ SafeGuardianAIService.swift /Applications/safeguardian/safeguardian/safeguardian/Services/SafeGuardianMeshManager.swift /Applications/safeguardian/safeguardian/safeguardian/Services/SafeGuardianAIService.swift (in target 'safeguardian' from project 'safeguardian')

SwiftCompile normal arm64 /Applications/safeguardian/safeguardian/safeguardian/Services/SafeGuardianMeshManager.swift (in target 'safeguardian' from project 'safeguardian')
    cd /Applications/safeguardian/safeguardian
    
/Applications/safeguardian/safeguardian/safeguardian/Services/SafeGuardianMeshManager.swift:327:51: warning: immutable value 'total' was never used; consider replacing with '_' or removing it
        case .partiallyDelivered(let reached, let total):
                                              ~~~~^~~~~
                                              _

SwiftCompile normal arm64 /Applications/safeguardian/safeguardian/safeguardian/Services/SafeGuardianAIService.swift (in target 'safeguardian' from project 'safeguardian')
    cd /Applications/safeguardian/safeguardian
    
/Applications/safeguardian/safeguardian/safeguardian/Services/SafeGuardianAIService.swift:51:22: warning: 'requestRecordPermission' was deprecated in iOS 17.0: Please use AVAudioApplication requestRecordPermissionWithCompletionHandler
        audioSession.requestRecordPermission { [weak self] granted in
                     ^

SwiftCompile normal arm64 Compiling\ NexaAIService.swift,\ CommunityFeedComponents.swift /Applications/safeguardian/safeguardian/safeguardian/Services/NexaAIService.swift /Applications/safeguardian/safeguardian/safeguardian/Views/Home/CommunityFeedComponents.swift (in target 'safeguardian' from project 'safeguardian')

SwiftCompile normal arm64 /Applications/safeguardian/safeguardian/safeguardian/Services/NexaAIService.swift (in target 'safeguardian' from project 'safeguardian')
    cd /Applications/safeguardian/safeguardian
    
/Applications/safeguardian/safeguardian/safeguardian/Services/NexaAIService.swift:141:13: warning: immutable value 'messages' was never used; consider replacing with '_' or removing it
        let messages: [NexaChatMessage] = [
            ^~~~~~~~
            _
/Applications/safeguardian/safeguardian/safeguardian/Services/NexaAIService.swift:327:22: warning: 'requestRecordPermission' was deprecated in iOS 17.0: Please use AVAudioApplication requestRecordPermissionWithCompletionHandler
        audioSession.requestRecordPermission { [weak self] granted in
                     ^
/Applications/safeguardian/safeguardian/safeguardian/Services/NexaAIService.swift:440:21: warning: capture of 'self' with non-sendable type 'NexaAIService?' in a '@Sendable' closure
                    self?.downloadProgress = progress.fractionCompleted
                    ^
/Applications/safeguardian/safeguardian/safeguardian/Services/NexaAIService.swift:271:7: note: class 'NexaAIService' does not conform to the 'Sendable' protocol
class NexaAIService: ObservableObject {
      ^

SwiftCompile normal arm64 /Applications/safeguardian/safeguardian/safeguardian/Views/Home/CommunityFeedComponents.swift (in target 'safeguardian' from project 'safeguardian')
    cd /Applications/safeguardian/safeguardian
    

SwiftCompile normal arm64 Compiling\ HomeView.swift,\ SafetyMapView.swift /Applications/safeguardian/safeguardian/safeguardian/Views/Home/HomeView.swift /Applications/safeguardian/safeguardian/safeguardian/Views/Map/SafetyMapView.swift (in target 'safeguardian' from project 'safeguardian')

SwiftCompile normal arm64 /Applications/safeguardian/safeguardian/safeguardian/Views/Home/HomeView.swift (in target 'safeguardian' from project 'safeguardian')
    cd /Applications/safeguardian/safeguardian
    
/Applications/safeguardian/safeguardian/safeguardian/Views/Home/HomeView.swift:76:10: warning: 'onChange(of:perform:)' was deprecated in iOS 17.0: Use `onChange` with a two or zero parameter action closure instead.
        .onChange(of: meshManager.messages) { _ in
         ^

SwiftCompile normal arm64 /Applications/safeguardian/safeguardian/safeguardian/Views/Map/SafetyMapView.swift (in target 'safeguardian' from project 'safeguardian')
    cd /Applications/safeguardian/safeguardian
    

SwiftCompile normal arm64 Compiling\ ProfileView.swift,\ ProfileComponents.swift /Applications/safeguardian/safeguardian/safeguardian/Views/Profile/ProfileView.swift /Applications/safeguardian/safeguardian/safeguardian/Views/Profile/ProfileComponents.swift (in target 'safeguardian' from project 'safeguardian')

SwiftCompile normal arm64 /Applications/safeguardian/safeguardian/safeguardian/Views/Profile/ProfileView.swift (in target 'safeguardian' from project 'safeguardian')
    cd /Applications/safeguardian/safeguardian
    

SwiftCompile normal arm64 /Applications/safeguardian/safeguardian/safeguardian/Views/Profile/ProfileComponents.swift (in target 'safeguardian' from project 'safeguardian')
    cd /Applications/safeguardian/safeguardian
    

SwiftEmitModule normal arm64 Emitting\ module\ for\ safeguardian (in target 'safeguardian' from project 'safeguardian')

EmitSwiftModule normal arm64 (in target 'safeguardian' from project 'safeguardian')
    cd /Applications/safeguardian/safeguardian
    

SwiftDriverJobDiscovery normal arm64 Compiling IdentityModels.swift, SecureIdentityStateManager.swift (in target 'bitchat' from project 'bitchat')

SwiftCompile normal arm64 Compiling\ AIGuideView.swift /Applications/safeguardian/safeguardian/safeguardian/Views/AI/AIGuideView.swift (in target 'safeguardian' from project 'safeguardian')

SwiftCompile normal arm64 /Applications/safeguardian/safeguardian/safeguardian/Views/AI/AIGuideView.swift (in target 'safeguardian' from project 'safeguardian')
    cd /Applications/safeguardian/safeguardian
    
/Applications/safeguardian/safeguardian/safeguardian/Views/AI/AIGuideView.swift:223:14: warning: immutable value 'index' was never used; consider replacing with '_' or removing it
        for (index, char) in safetyResponse.enumerated() {
             ^~~~~
             _

SwiftCompile normal arm64 Compiling\ SharedComponents.swift,\ NexaAIComponents.swift /Applications/safeguardian/safeguardian/safeguardian/Components/SharedComponents.swift /Applications/safeguardian/safeguardian/safeguardian/Views/AI/NexaAIComponents.swift (in target 'safeguardian' from project 'safeguardian')

SwiftCompile normal arm64 /Applications/safeguardian/safeguardian/safeguardian/Components/SharedComponents.swift (in target 'safeguardian' from project 'safeguardian')
    cd /Applications/safeguardian/safeguardian
    

SwiftCompile normal arm64 /Applications/safeguardian/safeguardian/safeguardian/Views/AI/NexaAIComponents.swift (in target 'safeguardian' from project 'safeguardian')
    cd /Applications/safeguardian/safeguardian
    

SwiftDriverJobDiscovery normal arm64 Compiling OptimizedBloomFilter.swift (in target 'bitchat' from project 'bitchat')

SwiftCompile normal arm64 Compiling\ safeguardianApp.swift,\ SharedModels.swift /Applications/safeguardian/safeguardian/safeguardian/safeguardianApp.swift /Applications/safeguardian/safeguardian/safeguardian/Models/SharedModels.swift (in target 'safeguardian' from project 'safeguardian')

SwiftCompile normal arm64 /Applications/safeguardian/safeguardian/safeguardian/safeguardianApp.swift (in target 'safeguardian' from project 'safeguardian')
    cd /Applications/safeguardian/safeguardian
    

SwiftCompile normal arm64 /Applications/safeguardian/safeguardian/safeguardian/Models/SharedModels.swift (in target 'safeguardian' from project 'safeguardian')
    cd /Applications/safeguardian/safeguardian
    

SwiftDriverJobDiscovery normal arm64 Compiling NoiseHandshakeCoordinator.swift, NoiseProtocol.swift (in target 'bitchat' from project 'bitchat')

SwiftCompile normal arm64 Compiling\ MeshChatView.swift,\ ChatComponents.swift /Applications/safeguardian/safeguardian/safeguardian/Views/Chat/MeshChatView.swift /Applications/safeguardian/safeguardian/safeguardian/Views/Chat/ChatComponents.swift (in target 'safeguardian' from project 'safeguardian')

SwiftCompile normal arm64 /Applications/safeguardian/safeguardian/safeguardian/Views/Chat/MeshChatView.swift (in target 'safeguardian' from project 'safeguardian')
    cd /Applications/safeguardian/safeguardian
    

SwiftCompile normal arm64 /Applications/safeguardian/safeguardian/safeguardian/Views/Chat/ChatComponents.swift (in target 'safeguardian' from project 'safeguardian')
    cd /Applications/safeguardian/safeguardian
    
/Applications/safeguardian/safeguardian/safeguardian/Views/Chat/ChatComponents.swift:1118:29: warning: immutable value 'to' was never used; consider replacing with '_' or removing it
        case .delivered(let to, let at):
                        ~~~~^~
                        _
/Applications/safeguardian/safeguardian/safeguardian/Views/Chat/ChatComponents.swift:1118:37: warning: immutable value 'at' was never used; consider replacing with '_' or removing it
        case .delivered(let to, let at):
                                ~~~~^~
                                _
/Applications/safeguardian/safeguardian/safeguardian/Views/Chat/ChatComponents.swift:1120:24: warning: immutable value 'by' was never used; consider replacing with '_' or removing it
        case .read(let by, let at):
                   ~~~~^~
                   _
/Applications/safeguardian/safeguardian/safeguardian/Views/Chat/ChatComponents.swift:1120:32: warning: immutable value 'at' was never used; consider replacing with '_' or removing it
        case .read(let by, let at):
                           ~~~~^~
                           _
/Applications/safeguardian/safeguardian/safeguardian/Views/Chat/ChatComponents.swift:1122:26: warning: immutable value 'reason' was never used; consider replacing with '_' or removing it
        case .failed(let reason):
                     ~~~~^~~~~~
                     _
/Applications/safeguardian/safeguardian/safeguardian/Views/Chat/ChatComponents.swift:1124:38: warning: immutable value 'reached' was never used; consider replacing with '_' or removing it
        case .partiallyDelivered(let reached, let total):
                                 ~~~~^~~~~~~
                                 _
/Applications/safeguardian/safeguardian/safeguardian/Views/Chat/ChatComponents.swift:1124:51: warning: immutable value 'total' was never used; consider replacing with '_' or removing it
        case .partiallyDelivered(let reached, let total):
                                              ~~~~^~~~~
                                              _

SwiftDriverJobDiscovery normal arm64 Compiling BinaryEncodingUtils.swift, BinaryProtocol.swift (in target 'bitchat' from project 'bitchat')

SwiftCompile normal arm64 Compiling\ AIComponents.swift /Applications/safeguardian/safeguardian/safeguardian/Views/AI/AIComponents.swift (in target 'safeguardian' from project 'safeguardian')

SwiftCompile normal arm64 /Applications/safeguardian/safeguardian/safeguardian/Views/AI/AIComponents.swift (in target 'safeguardian' from project 'safeguardian')
    cd /Applications/safeguardian/safeguardian
    

SwiftDriverJobDiscovery normal arm64 Compiling safeguardianApp.swift, SharedModels.swift (in target 'safeguardian' from project 'safeguardian')

SwiftCompile normal arm64 Compiling\ AuthenticationView.swift,\ ContentView.swift /Applications/safeguardian/safeguardian/safeguardian/Views/Authentication/AuthenticationView.swift /Applications/safeguardian/safeguardian/safeguardian/ContentView.swift (in target 'safeguardian' from project 'safeguardian')

SwiftCompile normal arm64 /Applications/safeguardian/safeguardian/safeguardian/Views/Authentication/AuthenticationView.swift (in target 'safeguardian' from project 'safeguardian')
    cd /Applications/safeguardian/safeguardian
    

SwiftCompile normal arm64 /Applications/safeguardian/safeguardian/safeguardian/ContentView.swift (in target 'safeguardian' from project 'safeguardian')
    cd /Applications/safeguardian/safeguardian
    

SwiftDriverJobDiscovery normal arm64 Emitting module for safeguardian (in target 'safeguardian' from project 'safeguardian')

SwiftDriver\ Compilation\ Requirements safeguardian normal arm64 com.apple.xcode.tools.swift.compiler (in target 'safeguardian' from project 'safeguardian')
    cd /Applications/safeguardian/safeguardian
    builtin-Swift-Compilation-Requirements -- /Applications/Xcode.app/Contents/Developer/Toolchains/XcodeDefault.xctoolchain/usr/bin/swiftc -module-name safeguardian -Onone -enforce-exclusivity\=checked @/Users/m1a4xnetworkprobe./Library/Developer/Xcode/DerivedData/safeguardian-ehtzvapjlrfgxpdehqgynegxowui/Build/Intermediates.noindex/safeguardian.build/Debug-iphonesimulator/safeguardian.build/Objects-normal/arm64/safeguardian.SwiftFileList -DDEBUG -enable-bare-slash-regex -enable-experimental-feature DebugDescriptionMacro -sdk /Applications/Xcode.app/Contents/Developer/Platforms/iPhoneSimulator.platform/Developer/SDKs/iPhoneSimulator18.5.sdk -target arm64-apple-ios18.2-simulator -g -module-cache-path /Users/m1a4xnetworkprobe./Library/Developer/Xcode/DerivedData/ModuleCache.noindex -Xfrontend -serialize-debugging-options -profile-coverage-mapping -profile-generate -enable-testing -index-store-path /Users/m1a4xnetworkprobe./Library/Developer/Xcode/DerivedData/safeguardian-ehtzvapjlrfgxpdehqgynegxowui/Index.noindex/DataStore -swift-version 5 -I /Users/m1a4xnetworkprobe./Library/Developer/Xcode/DerivedData/safeguardian-ehtzvapjlrfgxpdehqgynegxowui/Build/Products/Debug-iphonesimulator -F /Users/m1a4xnetworkprobe./Library/Developer/Xcode/DerivedData/safeguardian-ehtzvapjlrfgxpdehqgynegxowui/Build/Products/Debug-iphonesimulator/PackageFrameworks -F /Users/m1a4xnetworkprobe./Library/Developer/Xcode/DerivedData/safeguardian-ehtzvapjlrfgxpdehqgynegxowui/Build/Products/Debug-iphonesimulator -emit-localized-strings -emit-localized-strings-path /Users/m1a4xnetworkprobe./Library/Developer/Xcode/DerivedData/safeguardian-ehtzvapjlrfgxpdehqgynegxowui/Build/Intermediates.noindex/safeguardian.build/Debug-iphonesimulator/safeguardian.build/Objects-normal/arm64 -c -j12 -enable-batch-mode -incremental -Xcc -ivfsstatcache -Xcc /Users/m1a4xnetworkprobe./Library/Developer/Xcode/DerivedData/SDKStatCaches.noindex/iphonesimulator18.5-22F76-d5fc8ad4295d2ef488fb7d0f804ce0c4.sdkstatcache -output-file-map /Users/m1a4xnetworkprobe./Library/Developer/Xcode/DerivedData/safeguardian-ehtzvapjlrfgxpdehqgynegxowui/Build/Intermediates.noindex/safeguardian.build/Debug-iphonesimulator/safeguardian.build/Objects-normal/arm64/safeguardian-OutputFileMap.json -use-frontend-parseable-output -save-temps -no-color-diagnostics -serialize-diagnostics -emit-dependencies -emit-module -emit-module-path /Users/m1a4xnetworkprobe./Library/Developer/Xcode/DerivedData/safeguardian-ehtzvapjlrfgxpdehqgynegxowui/Build/Intermediates.noindex/safeguardian.build/Debug-iphonesimulator/safeguardian.build/Objects-normal/arm64/safeguardian.swiftmodule -validate-clang-modules-once -clang-build-session-file /Users/m1a4xnetworkprobe./Library/Developer/Xcode/DerivedData/ModuleCache.noindex/Session.modulevalidation -Xcc -I/Users/m1a4xnetworkprobe./Library/Developer/Xcode/DerivedData/safeguardian-ehtzvapjlrfgxpdehqgynegxowui/Build/Intermediates.noindex/safeguardian.build/Debug-iphonesimulator/safeguardian.build/swift-overrides.hmap -emit-const-values -Xfrontend -const-gather-protocols-file -Xfrontend /Users/m1a4xnetworkprobe./Library/Developer/Xcode/DerivedData/safeguardian-ehtzvapjlrfgxpdehqgynegxowui/Build/Intermediates.noindex/safeguardian.build/Debug-iphonesimulator/safeguardian.build/Objects-normal/arm64/safeguardian_const_extract_protocols.json -Xcc -iquote -Xcc /Users/m1a4xnetworkprobe./Library/Developer/Xcode/DerivedData/safeguardian-ehtzvapjlrfgxpdehqgynegxowui/Build/Intermediates.noindex/safeguardian.build/Debug-iphonesimulator/safeguardian.build/safeguardian-generated-files.hmap -Xcc -I/Users/m1a4xnetworkprobe./Library/Developer/Xcode/DerivedData/safeguardian-ehtzvapjlrfgxpdehqgynegxowui/Build/Intermediates.noindex/safeguardian.build/Debug-iphonesimulator/safeguardian.build/safeguardian-own-target-headers.hmap -Xcc -I/Users/m1a4xnetworkprobe./Library/Developer/Xcode/DerivedData/safeguardian-ehtzvapjlrfgxpdehqgynegxowui/Build/Intermediates.noindex/safeguardian.build/Debug-iphonesimulator/safeguardian.build/safeguardian-all-non-framework-target-headers.hmap -Xcc -ivfsoverlay -Xcc /Users/m1a4xnetworkprobe./Library/Developer/Xcode/DerivedData/safeguardian-ehtzvapjlrfgxpdehqgynegxowui/Build/Intermediates.noindex/safeguardian.build/Debug-iphonesimulator/safeguardian-afc51305d32548bb0d9b84e8f324d2d9-VFS-iphonesimulator/all-product-headers.yaml -Xcc -iquote -Xcc /Users/m1a4xnetworkprobe./Library/Developer/Xcode/DerivedData/safeguardian-ehtzvapjlrfgxpdehqgynegxowui/Build/Intermediates.noindex/safeguardian.build/Debug-iphonesimulator/safeguardian.build/safeguardian-project-headers.hmap -Xcc -I/Users/m1a4xnetworkprobe./Library/Developer/Xcode/DerivedData/safeguardian-ehtzvapjlrfgxpdehqgynegxowui/Build/Products/Debug-iphonesimulator/include -Xcc -I/Users/m1a4xnetworkprobe./Library/Developer/Xcode/DerivedData/safeguardian-ehtzvapjlrfgxpdehqgynegxowui/Build/Intermediates.noindex/safeguardian.build/Debug-iphonesimulator/safeguardian.build/DerivedSources-normal/arm64 -Xcc -I/Users/m1a4xnetworkprobe./Library/Developer/Xcode/DerivedData/safeguardian-ehtzvapjlrfgxpdehqgynegxowui/Build/Intermediates.noindex/safeguardian.build/Debug-iphonesimulator/safeguardian.build/DerivedSources/arm64 -Xcc -I/Users/m1a4xnetworkprobe./Library/Developer/Xcode/DerivedData/safeguardian-ehtzvapjlrfgxpdehqgynegxowui/Build/Intermediates.noindex/safeguardian.build/Debug-iphonesimulator/safeguardian.build/DerivedSources -Xcc -DDEBUG\=1 -emit-objc-header -emit-objc-header-path /Users/m1a4xnetworkprobe./Library/Developer/Xcode/DerivedData/safeguardian-ehtzvapjlrfgxpdehqgynegxowui/Build/Intermediates.noindex/safeguardian.build/Debug-iphonesimulator/safeguardian.build/Objects-normal/arm64/safeguardian-Swift.h -working-directory /Applications/safeguardian/safeguardian -experimental-emit-module-separately -disable-cmo

SwiftDriverJobDiscovery normal arm64 Compiling ChatViewModel.swift (in target 'bitchat' from project 'bitchat')

SwiftCompile normal arm64 Compiling\ GeneratedAssetSymbols.swift /Users/m1a4xnetworkprobe./Library/Developer/Xcode/DerivedData/safeguardian-ehtzvapjlrfgxpdehqgynegxowui/Build/Intermediates.noindex/safeguardian.build/Debug-iphonesimulator/safeguardian.build/DerivedSources/GeneratedAssetSymbols.swift (in target 'safeguardian' from project 'safeguardian')

SwiftCompile normal arm64 /Users/m1a4xnetworkprobe./Library/Developer/Xcode/DerivedData/safeguardian-ehtzvapjlrfgxpdehqgynegxowui/Build/Intermediates.noindex/safeguardian.build/Debug-iphonesimulator/safeguardian.build/DerivedSources/GeneratedAssetSymbols.swift (in target 'safeguardian' from project 'safeguardian')
    cd /Applications/safeguardian/safeguardian
    

SwiftMergeGeneratedHeaders /Users/m1a4xnetworkprobe./Library/Developer/Xcode/DerivedData/safeguardian-ehtzvapjlrfgxpdehqgynegxowui/Build/Intermediates.noindex/safeguardian.build/Debug-iphonesimulator/safeguardian.build/DerivedSources/safeguardian-Swift.h /Users/m1a4xnetworkprobe./Library/Developer/Xcode/DerivedData/safeguardian-ehtzvapjlrfgxpdehqgynegxowui/Build/Intermediates.noindex/safeguardian.build/Debug-iphonesimulator/safeguardian.build/Objects-normal/arm64/safeguardian-Swift.h (in target 'safeguardian' from project 'safeguardian')
    cd /Applications/safeguardian/safeguardian
    builtin-swiftHeaderTool -arch arm64 /Users/m1a4xnetworkprobe./Library/Developer/Xcode/DerivedData/safeguardian-ehtzvapjlrfgxpdehqgynegxowui/Build/Intermediates.noindex/safeguardian.build/Debug-iphonesimulator/safeguardian.build/Objects-normal/arm64/safeguardian-Swift.h -o /Users/m1a4xnetworkprobe./Library/Developer/Xcode/DerivedData/safeguardian-ehtzvapjlrfgxpdehqgynegxowui/Build/Intermediates.noindex/safeguardian.build/Debug-iphonesimulator/safeguardian.build/DerivedSources/safeguardian-Swift.h

SwiftDriverJobDiscovery normal arm64 Compiling MapComponents.swift, AuthenticationService.swift (in target 'safeguardian' from project 'safeguardian')

Copy /Users/m1a4xnetworkprobe./Library/Developer/Xcode/DerivedData/safeguardian-ehtzvapjlrfgxpdehqgynegxowui/Build/Products/Debug-iphonesimulator/safeguardian.swiftmodule/arm64-apple-ios-simulator.swiftmodule /Users/m1a4xnetworkprobe./Library/Developer/Xcode/DerivedData/safeguardian-ehtzvapjlrfgxpdehqgynegxowui/Build/Intermediates.noindex/safeguardian.build/Debug-iphonesimulator/safeguardian.build/Objects-normal/arm64/safeguardian.swiftmodule (in target 'safeguardian' from project 'safeguardian')
    cd /Applications/safeguardian/safeguardian
    builtin-copy -exclude .DS_Store -exclude CVS -exclude .svn -exclude .git -exclude .hg -resolve-src-symlinks -rename /Users/m1a4xnetworkprobe./Library/Developer/Xcode/DerivedData/safeguardian-ehtzvapjlrfgxpdehqgynegxowui/Build/Intermediates.noindex/safeguardian.build/Debug-iphonesimulator/safeguardian.build/Objects-normal/arm64/safeguardian.swiftmodule /Users/m1a4xnetworkprobe./Library/Developer/Xcode/DerivedData/safeguardian-ehtzvapjlrfgxpdehqgynegxowui/Build/Products/Debug-iphonesimulator/safeguardian.swiftmodule/arm64-apple-ios-simulator.swiftmodule

Copy /Users/m1a4xnetworkprobe./Library/Developer/Xcode/DerivedData/safeguardian-ehtzvapjlrfgxpdehqgynegxowui/Build/Products/Debug-iphonesimulator/safeguardian.swiftmodule/arm64-apple-ios-simulator.swiftdoc /Users/m1a4xnetworkprobe./Library/Developer/Xcode/DerivedData/safeguardian-ehtzvapjlrfgxpdehqgynegxowui/Build/Intermediates.noindex/safeguardian.build/Debug-iphonesimulator/safeguardian.build/Objects-normal/arm64/safeguardian.swiftdoc (in target 'safeguardian' from project 'safeguardian')
    cd /Applications/safeguardian/safeguardian
    builtin-copy -exclude .DS_Store -exclude CVS -exclude .svn -exclude .git -exclude .hg -resolve-src-symlinks -rename /Users/m1a4xnetworkprobe./Library/Developer/Xcode/DerivedData/safeguardian-ehtzvapjlrfgxpdehqgynegxowui/Build/Intermediates.noindex/safeguardian.build/Debug-iphonesimulator/safeguardian.build/Objects-normal/arm64/safeguardian.swiftdoc /Users/m1a4xnetworkprobe./Library/Developer/Xcode/DerivedData/safeguardian-ehtzvapjlrfgxpdehqgynegxowui/Build/Products/Debug-iphonesimulator/safeguardian.swiftmodule/arm64-apple-ios-simulator.swiftdoc

Copy /Users/m1a4xnetworkprobe./Library/Developer/Xcode/DerivedData/safeguardian-ehtzvapjlrfgxpdehqgynegxowui/Build/Products/Debug-iphonesimulator/safeguardian.swiftmodule/arm64-apple-ios-simulator.abi.json /Users/m1a4xnetworkprobe./Library/Developer/Xcode/DerivedData/safeguardian-ehtzvapjlrfgxpdehqgynegxowui/Build/Intermediates.noindex/safeguardian.build/Debug-iphonesimulator/safeguardian.build/Objects-normal/arm64/safeguardian.abi.json (in target 'safeguardian' from project 'safeguardian')
    cd /Applications/safeguardian/safeguardian
    builtin-copy -exclude .DS_Store -exclude CVS -exclude .svn -exclude .git -exclude .hg -resolve-src-symlinks -rename /Users/m1a4xnetworkprobe./Library/Developer/Xcode/DerivedData/safeguardian-ehtzvapjlrfgxpdehqgynegxowui/Build/Intermediates.noindex/safeguardian.build/Debug-iphonesimulator/safeguardian.build/Objects-normal/arm64/safeguardian.abi.json /Users/m1a4xnetworkprobe./Library/Developer/Xcode/DerivedData/safeguardian-ehtzvapjlrfgxpdehqgynegxowui/Build/Products/Debug-iphonesimulator/safeguardian.swiftmodule/arm64-apple-ios-simulator.abi.json

Copy /Users/m1a4xnetworkprobe./Library/Developer/Xcode/DerivedData/safeguardian-ehtzvapjlrfgxpdehqgynegxowui/Build/Products/Debug-iphonesimulator/safeguardian.swiftmodule/Project/arm64-apple-ios-simulator.swiftsourceinfo /Users/m1a4xnetworkprobe./Library/Developer/Xcode/DerivedData/safeguardian-ehtzvapjlrfgxpdehqgynegxowui/Build/Intermediates.noindex/safeguardian.build/Debug-iphonesimulator/safeguardian.build/Objects-normal/arm64/safeguardian.swiftsourceinfo (in target 'safeguardian' from project 'safeguardian')
    cd /Applications/safeguardian/safeguardian
    builtin-copy -exclude .DS_Store -exclude CVS -exclude .svn -exclude .git -exclude .hg -resolve-src-symlinks -rename /Users/m1a4xnetworkprobe./Library/Developer/Xcode/DerivedData/safeguardian-ehtzvapjlrfgxpdehqgynegxowui/Build/Intermediates.noindex/safeguardian.build/Debug-iphonesimulator/safeguardian.build/Objects-normal/arm64/safeguardian.swiftsourceinfo /Users/m1a4xnetworkprobe./Library/Developer/Xcode/DerivedData/safeguardian-ehtzvapjlrfgxpdehqgynegxowui/Build/Products/Debug-iphonesimulator/safeguardian.swiftmodule/Project/arm64-apple-ios-simulator.swiftsourceinfo

SwiftDriverJobDiscovery normal arm64 Compiling AIComponents.swift (in target 'safeguardian' from project 'safeguardian')

SwiftDriverJobDiscovery normal arm64 Compiling GeneratedAssetSymbols.swift (in target 'safeguardian' from project 'safeguardian')

SwiftDriverJobDiscovery normal arm64 Compiling SharedComponents.swift, NexaAIComponents.swift (in target 'safeguardian' from project 'safeguardian')

SwiftDriverJobDiscovery normal arm64 Compiling SafeGuardianMeshManager.swift, SafeGuardianAIService.swift (in target 'safeguardian' from project 'safeguardian')

SwiftDriverJobDiscovery normal arm64 Compiling HomeView.swift, SafetyMapView.swift (in target 'safeguardian' from project 'safeguardian')

SwiftDriverJobDiscovery normal arm64 Compiling AIGuideView.swift (in target 'safeguardian' from project 'safeguardian')

SwiftDriverJobDiscovery normal arm64 Compiling AuthenticationView.swift, ContentView.swift (in target 'safeguardian' from project 'safeguardian')

SwiftDriverJobDiscovery normal arm64 Compiling ProfileView.swift, ProfileComponents.swift (in target 'safeguardian' from project 'safeguardian')

SwiftDriverJobDiscovery normal arm64 Compiling MeshChatView.swift, ChatComponents.swift (in target 'safeguardian' from project 'safeguardian')

SwiftDriverJobDiscovery normal arm64 Compiling NexaAIService.swift, CommunityFeedComponents.swift (in target 'safeguardian' from project 'safeguardian')

SwiftDriver\ Compilation safeguardian normal arm64 com.apple.xcode.tools.swift.compiler (in target 'safeguardian' from project 'safeguardian')
    cd /Applications/safeguardian/safeguardian
    builtin-Swift-Compilation -- /Applications/Xcode.app/Contents/Developer/Toolchains/XcodeDefault.xctoolchain/usr/bin/swiftc -module-name safeguardian -Onone -enforce-exclusivity\=checked @/Users/m1a4xnetworkprobe./Library/Developer/Xcode/DerivedData/safeguardian-ehtzvapjlrfgxpdehqgynegxowui/Build/Intermediates.noindex/safeguardian.build/Debug-iphonesimulator/safeguardian.build/Objects-normal/arm64/safeguardian.SwiftFileList -DDEBUG -enable-bare-slash-regex -enable-experimental-feature DebugDescriptionMacro -sdk /Applications/Xcode.app/Contents/Developer/Platforms/iPhoneSimulator.platform/Developer/SDKs/iPhoneSimulator18.5.sdk -target arm64-apple-ios18.2-simulator -g -module-cache-path /Users/m1a4xnetworkprobe./Library/Developer/Xcode/DerivedData/ModuleCache.noindex -Xfrontend -serialize-debugging-options -profile-coverage-mapping -profile-generate -enable-testing -index-store-path /Users/m1a4xnetworkprobe./Library/Developer/Xcode/DerivedData/safeguardian-ehtzvapjlrfgxpdehqgynegxowui/Index.noindex/DataStore -swift-version 5 -I /Users/m1a4xnetworkprobe./Library/Developer/Xcode/DerivedData/safeguardian-ehtzvapjlrfgxpdehqgynegxowui/Build/Products/Debug-iphonesimulator -F /Users/m1a4xnetworkprobe./Library/Developer/Xcode/DerivedData/safeguardian-ehtzvapjlrfgxpdehqgynegxowui/Build/Products/Debug-iphonesimulator/PackageFrameworks -F /Users/m1a4xnetworkprobe./Library/Developer/Xcode/DerivedData/safeguardian-ehtzvapjlrfgxpdehqgynegxowui/Build/Products/Debug-iphonesimulator -emit-localized-strings -emit-localized-strings-path /Users/m1a4xnetworkprobe./Library/Developer/Xcode/DerivedData/safeguardian-ehtzvapjlrfgxpdehqgynegxowui/Build/Intermediates.noindex/safeguardian.build/Debug-iphonesimulator/safeguardian.build/Objects-normal/arm64 -c -j12 -enable-batch-mode -incremental -Xcc -ivfsstatcache -Xcc /Users/m1a4xnetworkprobe./Library/Developer/Xcode/DerivedData/SDKStatCaches.noindex/iphonesimulator18.5-22F76-d5fc8ad4295d2ef488fb7d0f804ce0c4.sdkstatcache -output-file-map /Users/m1a4xnetworkprobe./Library/Developer/Xcode/DerivedData/safeguardian-ehtzvapjlrfgxpdehqgynegxowui/Build/Intermediates.noindex/safeguardian.build/Debug-iphonesimulator/safeguardian.build/Objects-normal/arm64/safeguardian-OutputFileMap.json -use-frontend-parseable-output -save-temps -no-color-diagnostics -serialize-diagnostics -emit-dependencies -emit-module -emit-module-path /Users/m1a4xnetworkprobe./Library/Developer/Xcode/DerivedData/safeguardian-ehtzvapjlrfgxpdehqgynegxowui/Build/Intermediates.noindex/safeguardian.build/Debug-iphonesimulator/safeguardian.build/Objects-normal/arm64/safeguardian.swiftmodule -validate-clang-modules-once -clang-build-session-file /Users/m1a4xnetworkprobe./Library/Developer/Xcode/DerivedData/ModuleCache.noindex/Session.modulevalidation -Xcc -I/Users/m1a4xnetworkprobe./Library/Developer/Xcode/DerivedData/safeguardian-ehtzvapjlrfgxpdehqgynegxowui/Build/Intermediates.noindex/safeguardian.build/Debug-iphonesimulator/safeguardian.build/swift-overrides.hmap -emit-const-values -Xfrontend -const-gather-protocols-file -Xfrontend /Users/m1a4xnetworkprobe./Library/Developer/Xcode/DerivedData/safeguardian-ehtzvapjlrfgxpdehqgynegxowui/Build/Intermediates.noindex/safeguardian.build/Debug-iphonesimulator/safeguardian.build/Objects-normal/arm64/safeguardian_const_extract_protocols.json -Xcc -iquote -Xcc /Users/m1a4xnetworkprobe./Library/Developer/Xcode/DerivedData/safeguardian-ehtzvapjlrfgxpdehqgynegxowui/Build/Intermediates.noindex/safeguardian.build/Debug-iphonesimulator/safeguardian.build/safeguardian-generated-files.hmap -Xcc -I/Users/m1a4xnetworkprobe./Library/Developer/Xcode/DerivedData/safeguardian-ehtzvapjlrfgxpdehqgynegxowui/Build/Intermediates.noindex/safeguardian.build/Debug-iphonesimulator/safeguardian.build/safeguardian-own-target-headers.hmap -Xcc -I/Users/m1a4xnetworkprobe./Library/Developer/Xcode/DerivedData/safeguardian-ehtzvapjlrfgxpdehqgynegxowui/Build/Intermediates.noindex/safeguardian.build/Debug-iphonesimulator/safeguardian.build/safeguardian-all-non-framework-target-headers.hmap -Xcc -ivfsoverlay -Xcc /Users/m1a4xnetworkprobe./Library/Developer/Xcode/DerivedData/safeguardian-ehtzvapjlrfgxpdehqgynegxowui/Build/Intermediates.noindex/safeguardian.build/Debug-iphonesimulator/safeguardian-afc51305d32548bb0d9b84e8f324d2d9-VFS-iphonesimulator/all-product-headers.yaml -Xcc -iquote -Xcc /Users/m1a4xnetworkprobe./Library/Developer/Xcode/DerivedData/safeguardian-ehtzvapjlrfgxpdehqgynegxowui/Build/Intermediates.noindex/safeguardian.build/Debug-iphonesimulator/safeguardian.build/safeguardian-project-headers.hmap -Xcc -I/Users/m1a4xnetworkprobe./Library/Developer/Xcode/DerivedData/safeguardian-ehtzvapjlrfgxpdehqgynegxowui/Build/Products/Debug-iphonesimulator/include -Xcc -I/Users/m1a4xnetworkprobe./Library/Developer/Xcode/DerivedData/safeguardian-ehtzvapjlrfgxpdehqgynegxowui/Build/Intermediates.noindex/safeguardian.build/Debug-iphonesimulator/safeguardian.build/DerivedSources-normal/arm64 -Xcc -I/Users/m1a4xnetworkprobe./Library/Developer/Xcode/DerivedData/safeguardian-ehtzvapjlrfgxpdehqgynegxowui/Build/Intermediates.noindex/safeguardian.build/Debug-iphonesimulator/safeguardian.build/DerivedSources/arm64 -Xcc -I/Users/m1a4xnetworkprobe./Library/Developer/Xcode/DerivedData/safeguardian-ehtzvapjlrfgxpdehqgynegxowui/Build/Intermediates.noindex/safeguardian.build/Debug-iphonesimulator/safeguardian.build/DerivedSources -Xcc -DDEBUG\=1 -emit-objc-header -emit-objc-header-path /Users/m1a4xnetworkprobe./Library/Developer/Xcode/DerivedData/safeguardian-ehtzvapjlrfgxpdehqgynegxowui/Build/Intermediates.noindex/safeguardian.build/Debug-iphonesimulator/safeguardian.build/Objects-normal/arm64/safeguardian-Swift.h -working-directory /Applications/safeguardian/safeguardian -experimental-emit-module-separately -disable-cmo

SwiftDriverJobDiscovery normal arm64 Compiling BitchatProtocol.swift, BluetoothMeshService.swift (in target 'bitchat' from project 'bitchat')

SwiftDriver\ Compilation bitchat normal arm64 com.apple.xcode.tools.swift.compiler (in target 'bitchat' from project 'bitchat')
    cd /Applications/safeguardian/safeguardian/safeguardian.xcodeproj
    builtin-Swift-Compilation -- /Applications/Xcode.app/Contents/Developer/Toolchains/XcodeDefault.xctoolchain/usr/bin/swiftc -module-name bitchat -Onone -enforce-exclusivity\=checked @/Users/m1a4xnetworkprobe./Library/Developer/Xcode/DerivedData/safeguardian-ehtzvapjlrfgxpdehqgynegxowui/Build/Intermediates.noindex/bitchat.build/Debug-iphonesimulator/bitchat.build/Objects-normal/arm64/bitchat.SwiftFileList -DSWIFT_PACKAGE -DDEBUG -DXcode -plugin-path /Applications/Xcode.app/Contents/Developer/Toolchains/XcodeDefault.xctoolchain/usr/lib/swift/host/plugins/testing -enable-experimental-feature DebugDescriptionMacro -sdk /Applications/Xcode.app/Contents/Developer/Platforms/iPhoneSimulator.platform/Developer/SDKs/iPhoneSimulator18.5.sdk -target arm64-apple-ios16.0-simulator -g -module-cache-path /Users/m1a4xnetworkprobe./Library/Developer/Xcode/DerivedData/ModuleCache.noindex -Xfrontend -serialize-debugging-options -profile-coverage-mapping -profile-generate -enable-testing -index-store-path /Users/m1a4xnetworkprobe./Library/Developer/Xcode/DerivedData/safeguardian-ehtzvapjlrfgxpdehqgynegxowui/Index.noindex/DataStore -swift-version 5 -I /Users/m1a4xnetworkprobe./Library/Developer/Xcode/DerivedData/safeguardian-ehtzvapjlrfgxpdehqgynegxowui/Build/Products/Debug-iphonesimulator -I /Applications/Xcode.app/Contents/Developer/Platforms/iPhoneSimulator.platform/Developer/usr/lib -F /Users/m1a4xnetworkprobe./Library/Developer/Xcode/DerivedData/safeguardian-ehtzvapjlrfgxpdehqgynegxowui/Build/Products/Debug-iphonesimulator -F /Applications/Xcode.app/Contents/Developer/Platforms/iPhoneSimulator.platform/Developer/Library/Frameworks -F /Applications/Xcode.app/Contents/Developer/Platforms/iPhoneSimulator.platform/Developer/SDKs/iPhoneSimulator18.5.sdk/Developer/Library/Frameworks -c -j12 -enable-batch-mode -incremental -Xcc -ivfsstatcache -Xcc /Users/m1a4xnetworkprobe./Library/Developer/Xcode/DerivedData/SDKStatCaches.noindex/iphonesimulator18.5-22F76-d5fc8ad4295d2ef488fb7d0f804ce0c4.sdkstatcache -output-file-map /Users/m1a4xnetworkprobe./Library/Developer/Xcode/DerivedData/safeguardian-ehtzvapjlrfgxpdehqgynegxowui/Build/Intermediates.noindex/bitchat.build/Debug-iphonesimulator/bitchat.build/Objects-normal/arm64/bitchat-OutputFileMap.json -use-frontend-parseable-output -save-temps -no-color-diagnostics -serialize-diagnostics -emit-dependencies -emit-module -emit-module-path /Users/m1a4xnetworkprobe./Library/Developer/Xcode/DerivedData/safeguardian-ehtzvapjlrfgxpdehqgynegxowui/Build/Intermediates.noindex/bitchat.build/Debug-iphonesimulator/bitchat.build/Objects-normal/arm64/bitchat.swiftmodule -validate-clang-modules-once -clang-build-session-file /Users/m1a4xnetworkprobe./Library/Developer/Xcode/DerivedData/ModuleCache.noindex/Session.modulevalidation -package-name bitchat -Xcc -I/Users/m1a4xnetworkprobe./Library/Developer/Xcode/DerivedData/safeguardian-ehtzvapjlrfgxpdehqgynegxowui/Build/Intermediates.noindex/bitchat.build/Debug-iphonesimulator/bitchat.build/swift-overrides.hmap -emit-const-values -Xfrontend -const-gather-protocols-file -Xfrontend /Users/m1a4xnetworkprobe./Library/Developer/Xcode/DerivedData/safeguardian-ehtzvapjlrfgxpdehqgynegxowui/Build/Intermediates.noindex/bitchat.build/Debug-iphonesimulator/bitchat.build/Objects-normal/arm64/bitchat_const_extract_protocols.json -Xcc -I/Users/m1a4xnetworkprobe./Library/Developer/Xcode/DerivedData/safeguardian-ehtzvapjlrfgxpdehqgynegxowui/Build/Products/Debug-iphonesimulator/include -Xcc -I/Users/m1a4xnetworkprobe./Library/Developer/Xcode/DerivedData/safeguardian-ehtzvapjlrfgxpdehqgynegxowui/Build/Intermediates.noindex/bitchat.build/Debug-iphonesimulator/bitchat.build/DerivedSources-normal/arm64 -Xcc -I/Users/m1a4xnetworkprobe./Library/Developer/Xcode/DerivedData/safeguardian-ehtzvapjlrfgxpdehqgynegxowui/Build/Intermediates.noindex/bitchat.build/Debug-iphonesimulator/bitchat.build/DerivedSources/arm64 -Xcc -I/Users/m1a4xnetworkprobe./Library/Developer/Xcode/DerivedData/safeguardian-ehtzvapjlrfgxpdehqgynegxowui/Build/Intermediates.noindex/bitchat.build/Debug-iphonesimulator/bitchat.build/DerivedSources -Xcc -DSWIFT_PACKAGE -Xcc -DDEBUG\=1 -emit-objc-header -emit-objc-header-path /Users/m1a4xnetworkprobe./Library/Developer/Xcode/DerivedData/safeguardian-ehtzvapjlrfgxpdehqgynegxowui/Build/Intermediates.noindex/bitchat.build/Debug-iphonesimulator/bitchat.build/Objects-normal/arm64/bitchat-Swift.h -working-directory /Applications/safeguardian/safeguardian/safeguardian.xcodeproj -experimental-emit-module-separately -disable-cmo

Ld /Users/m1a4xnetworkprobe./Library/Developer/Xcode/DerivedData/safeguardian-ehtzvapjlrfgxpdehqgynegxowui/Build/Products/Debug-iphonesimulator/bitchat.o normal (in target 'bitchat' from project 'bitchat')
    cd /Applications/safeguardian/safeguardian/safeguardian/bitchat
    /Applications/Xcode.app/Contents/Developer/Toolchains/XcodeDefault.xctoolchain/usr/bin/clang -Xlinker -reproducible -target arm64-apple-ios16.0-simulator -r -isysroot /Applications/Xcode.app/Contents/Developer/Platforms/iPhoneSimulator.platform/Developer/SDKs/iPhoneSimulator18.5.sdk -O0 -L/Users/m1a4xnetworkprobe./Library/Developer/Xcode/DerivedData/safeguardian-ehtzvapjlrfgxpdehqgynegxowui/Build/Intermediates.noindex/EagerLinkingTBDs/Debug-iphonesimulator -L/Users/m1a4xnetworkprobe./Library/Developer/Xcode/DerivedData/safeguardian-ehtzvapjlrfgxpdehqgynegxowui/Build/Products/Debug-iphonesimulator -L/Applications/Xcode.app/Contents/Developer/Platforms/iPhoneSimulator.platform/Developer/usr/lib -F/Users/m1a4xnetworkprobe./Library/Developer/Xcode/DerivedData/safeguardian-ehtzvapjlrfgxpdehqgynegxowui/Build/Intermediates.noindex/EagerLinkingTBDs/Debug-iphonesimulator -F/Users/m1a4xnetworkprobe./Library/Developer/Xcode/DerivedData/safeguardian-ehtzvapjlrfgxpdehqgynegxowui/Build/Products/Debug-iphonesimulator -iframework /Applications/Xcode.app/Contents/Developer/Platforms/iPhoneSimulator.platform/Developer/Library/Frameworks -iframework /Applications/Xcode.app/Contents/Developer/Platforms/iPhoneSimulator.platform/Developer/SDKs/iPhoneSimulator18.5.sdk/Developer/Library/Frameworks -filelist /Users/m1a4xnetworkprobe./Library/Developer/Xcode/DerivedData/safeguardian-ehtzvapjlrfgxpdehqgynegxowui/Build/Intermediates.noindex/bitchat.build/Debug-iphonesimulator/bitchat.build/Objects-normal/arm64/bitchat.LinkFileList -nostdlib -Xlinker -object_path_lto -Xlinker /Users/m1a4xnetworkprobe./Library/Developer/Xcode/DerivedData/safeguardian-ehtzvapjlrfgxpdehqgynegxowui/Build/Intermediates.noindex/bitchat.build/Debug-iphonesimulator/bitchat.build/Objects-normal/arm64/bitchat_lto.o -rdynamic -Xlinker -no_deduplicate -Xlinker -objc_abi_version -Xlinker 2 -Xlinker -debug_variant -Xlinker -dependency_info -Xlinker /Users/m1a4xnetworkprobe./Library/Developer/Xcode/DerivedData/safeguardian-ehtzvapjlrfgxpdehqgynegxowui/Build/Intermediates.noindex/bitchat.build/Debug-iphonesimulator/bitchat.build/Objects-normal/arm64/bitchat_dependency_info.dat -fobjc-link-runtime -L/Applications/Xcode.app/Contents/Developer/Toolchains/XcodeDefault.xctoolchain/usr/lib/swift/iphonesimulator -L/usr/lib/swift -Xlinker -add_ast_path -Xlinker /Users/m1a4xnetworkprobe./Library/Developer/Xcode/DerivedData/safeguardian-ehtzvapjlrfgxpdehqgynegxowui/Build/Intermediates.noindex/bitchat.build/Debug-iphonesimulator/bitchat.build/Objects-normal/arm64/bitchat.swiftmodule -o /Users/m1a4xnetworkprobe./Library/Developer/Xcode/DerivedData/safeguardian-ehtzvapjlrfgxpdehqgynegxowui/Build/Products/Debug-iphonesimulator/bitchat.o

ExtractAppIntentsMetadata (in target 'bitchat' from project 'bitchat')
    cd /Applications/safeguardian/safeguardian/safeguardian/bitchat
    /Applications/Xcode.app/Contents/Developer/Toolchains/XcodeDefault.xctoolchain/usr/bin/appintentsmetadataprocessor --toolchain-dir /Applications/Xcode.app/Contents/Developer/Toolchains/XcodeDefault.xctoolchain --module-name bitchat --sdk-root /Applications/Xcode.app/Contents/Developer/Platforms/iPhoneSimulator.platform/Developer/SDKs/iPhoneSimulator18.5.sdk --xcode-version 16F6 --platform-family iOS --deployment-target 16.0 --bundle-identifier bitchat.bitchat --output /Users/m1a4xnetworkprobe./Library/Developer/Xcode/DerivedData/safeguardian-ehtzvapjlrfgxpdehqgynegxowui/Build/Products/Debug-iphonesimulator/bitchat.appintents --target-triple arm64-apple-ios16.0-simulator --binary-file /Users/m1a4xnetworkprobe./Library/Developer/Xcode/DerivedData/safeguardian-ehtzvapjlrfgxpdehqgynegxowui/Build/Products/Debug-iphonesimulator/bitchat.o --dependency-file /Users/m1a4xnetworkprobe./Library/Developer/Xcode/DerivedData/safeguardian-ehtzvapjlrfgxpdehqgynegxowui/Build/Intermediates.noindex/bitchat.build/Debug-iphonesimulator/bitchat.build/Objects-normal/arm64/bitchat_dependency_info.dat --stringsdata-file /Users/m1a4xnetworkprobe./Library/Developer/Xcode/DerivedData/safeguardian-ehtzvapjlrfgxpdehqgynegxowui/Build/Intermediates.noindex/bitchat.build/Debug-iphonesimulator/bitchat.build/Objects-normal/arm64/ExtractedAppShortcutsMetadata.stringsdata --source-file-list /Users/m1a4xnetworkprobe./Library/Developer/Xcode/DerivedData/safeguardian-ehtzvapjlrfgxpdehqgynegxowui/Build/Intermediates.noindex/bitchat.build/Debug-iphonesimulator/bitchat.build/Objects-normal/arm64/bitchat.SwiftFileList --metadata-file-list /Users/m1a4xnetworkprobe./Library/Developer/Xcode/DerivedData/safeguardian-ehtzvapjlrfgxpdehqgynegxowui/Build/Intermediates.noindex/bitchat.build/Debug-iphonesimulator/bitchat.build/bitchat.DependencyMetadataFileList --static-metadata-file-list /Users/m1a4xnetworkprobe./Library/Developer/Xcode/DerivedData/safeguardian-ehtzvapjlrfgxpdehqgynegxowui/Build/Intermediates.noindex/bitchat.build/Debug-iphonesimulator/bitchat.build/bitchat.DependencyStaticMetadataFileList --swift-const-vals-list /Users/m1a4xnetworkprobe./Library/Developer/Xcode/DerivedData/safeguardian-ehtzvapjlrfgxpdehqgynegxowui/Build/Intermediates.noindex/bitchat.build/Debug-iphonesimulator/bitchat.build/Objects-normal/arm64/bitchat.SwiftConstValuesFileList --force --compile-time-extraction --deployment-aware-processing --validate-assistant-intents --no-app-shortcuts-localization
2025-08-01 18:40:03.967 appintentsmetadataprocessor[66168:3557591] Starting appintentsmetadataprocessor export
2025-08-01 18:40:04.004 appintentsmetadataprocessor[66168:3557591] Extracted no relevant App Intents symbols, skipping writing output

RegisterExecutionPolicyException /Users/m1a4xnetworkprobe./Library/Developer/Xcode/DerivedData/safeguardian-ehtzvapjlrfgxpdehqgynegxowui/Build/Products/Debug-iphonesimulator/bitchat.o (in target 'bitchat' from project 'bitchat')
    cd /Applications/safeguardian/safeguardian/safeguardian/bitchat
    builtin-RegisterExecutionPolicyException /Users/m1a4xnetworkprobe./Library/Developer/Xcode/DerivedData/safeguardian-ehtzvapjlrfgxpdehqgynegxowui/Build/Products/Debug-iphonesimulator/bitchat.o

Ld /Users/m1a4xnetworkprobe./Library/Developer/Xcode/DerivedData/safeguardian-ehtzvapjlrfgxpdehqgynegxowui/Build/Products/Debug-iphonesimulator/safeguardian.app/__preview.dylib normal (in target 'safeguardian' from project 'safeguardian')
    cd /Applications/safeguardian/safeguardian
    /Applications/Xcode.app/Contents/Developer/Toolchains/XcodeDefault.xctoolchain/usr/bin/clang -Xlinker -reproducible -target arm64-apple-ios18.2-simulator -dynamiclib -isysroot /Applications/Xcode.app/Contents/Developer/Platforms/iPhoneSimulator.platform/Developer/SDKs/iPhoneSimulator18.5.sdk -O0 -L/Users/m1a4xnetworkprobe./Library/Developer/Xcode/DerivedData/safeguardian-ehtzvapjlrfgxpdehqgynegxowui/Build/Products/Debug-iphonesimulator -F/Users/m1a4xnetworkprobe./Library/Developer/Xcode/DerivedData/safeguardian-ehtzvapjlrfgxpdehqgynegxowui/Build/Products/Debug-iphonesimulator/PackageFrameworks -F/Users/m1a4xnetworkprobe./Library/Developer/Xcode/DerivedData/safeguardian-ehtzvapjlrfgxpdehqgynegxowui/Build/Products/Debug-iphonesimulator -install_name @rpath/safeguardian.debug.dylib -dead_strip -rdynamic -Xlinker -no_deduplicate -Xlinker -objc_abi_version -Xlinker 2 -Xlinker -debug_variant -Xlinker -dependency_info -Xlinker /Users/m1a4xnetworkprobe./Library/Developer/Xcode/DerivedData/safeguardian-ehtzvapjlrfgxpdehqgynegxowui/Build/Intermediates.noindex/safeguardian.build/Debug-iphonesimulator/safeguardian.build/Objects-normal/arm64/safeguardian_dependency_info.dat -Xlinker -sectcreate -Xlinker __TEXT -Xlinker __entitlements -Xlinker /Users/m1a4xnetworkprobe./Library/Developer/Xcode/DerivedData/safeguardian-ehtzvapjlrfgxpdehqgynegxowui/Build/Intermediates.noindex/safeguardian.build/Debug-iphonesimulator/safeguardian.build/safeguardian.app-Simulated.xcent -Xlinker -sectcreate -Xlinker __TEXT -Xlinker __ents_der -Xlinker /Users/m1a4xnetworkprobe./Library/Developer/Xcode/DerivedData/safeguardian-ehtzvapjlrfgxpdehqgynegxowui/Build/Intermediates.noindex/safeguardian.build/Debug-iphonesimulator/safeguardian.build/safeguardian.app-Simulated.xcent.der -Xlinker -no_adhoc_codesign -o /Users/m1a4xnetworkprobe./Library/Developer/Xcode/DerivedData/safeguardian-ehtzvapjlrfgxpdehqgynegxowui/Build/Products/Debug-iphonesimulator/safeguardian.app/__preview.dylib

ValidateDevelopmentAssets /Users/m1a4xnetworkprobe./Library/Developer/Xcode/DerivedData/safeguardian-ehtzvapjlrfgxpdehqgynegxowui/Build/Intermediates.noindex/safeguardian.build/Debug-iphonesimulator/safeguardian.build (in target 'safeguardian' from project 'safeguardian')
    cd /Applications/safeguardian/safeguardian
    builtin-validate-development-assets --validate YES_ERROR /Applications/safeguardian/safeguardian/safeguardian/Preview\ Content

Ld /Users/m1a4xnetworkprobe./Library/Developer/Xcode/DerivedData/safeguardian-ehtzvapjlrfgxpdehqgynegxowui/Build/Products/Debug-iphonesimulator/safeguardian.app/safeguardian.debug.dylib normal (in target 'safeguardian' from project 'safeguardian')
    cd /Applications/safeguardian/safeguardian
    /Applications/Xcode.app/Contents/Developer/Toolchains/XcodeDefault.xctoolchain/usr/bin/clang -Xlinker -reproducible -target arm64-apple-ios18.2-simulator -dynamiclib -isysroot /Applications/Xcode.app/Contents/Developer/Platforms/iPhoneSimulator.platform/Developer/SDKs/iPhoneSimulator18.5.sdk -O0 -L/Users/m1a4xnetworkprobe./Library/Developer/Xcode/DerivedData/safeguardian-ehtzvapjlrfgxpdehqgynegxowui/Build/Intermediates.noindex/EagerLinkingTBDs/Debug-iphonesimulator -L/Users/m1a4xnetworkprobe./Library/Developer/Xcode/DerivedData/safeguardian-ehtzvapjlrfgxpdehqgynegxowui/Build/Products/Debug-iphonesimulator -F/Users/m1a4xnetworkprobe./Library/Developer/Xcode/DerivedData/safeguardian-ehtzvapjlrfgxpdehqgynegxowui/Build/Intermediates.noindex/EagerLinkingTBDs/Debug-iphonesimulator -F/Users/m1a4xnetworkprobe./Library/Developer/Xcode/DerivedData/safeguardian-ehtzvapjlrfgxpdehqgynegxowui/Build/Products/Debug-iphonesimulator/PackageFrameworks -F/Users/m1a4xnetworkprobe./Library/Developer/Xcode/DerivedData/safeguardian-ehtzvapjlrfgxpdehqgynegxowui/Build/Products/Debug-iphonesimulator -filelist /Users/m1a4xnetworkprobe./Library/Developer/Xcode/DerivedData/safeguardian-ehtzvapjlrfgxpdehqgynegxowui/Build/Intermediates.noindex/safeguardian.build/Debug-iphonesimulator/safeguardian.build/Objects-normal/arm64/safeguardian.LinkFileList -install_name @rpath/safeguardian.debug.dylib -Xlinker -rpath -Xlinker /Users/m1a4xnetworkprobe./Library/Developer/Xcode/DerivedData/safeguardian-ehtzvapjlrfgxpdehqgynegxowui/Build/Products/Debug-iphonesimulator/PackageFrameworks -Xlinker -rpath -Xlinker @executable_path/Frameworks -dead_strip -Xlinker -object_path_lto -Xlinker /Users/m1a4xnetworkprobe./Library/Developer/Xcode/DerivedData/safeguardian-ehtzvapjlrfgxpdehqgynegxowui/Build/Intermediates.noindex/safeguardian.build/Debug-iphonesimulator/safeguardian.build/Objects-normal/arm64/safeguardian_lto.o -rdynamic -Xlinker -no_deduplicate -Xlinker -objc_abi_version -Xlinker 2 -Xlinker -debug_variant -Xlinker -dependency_info -Xlinker /Users/m1a4xnetworkprobe./Library/Developer/Xcode/DerivedData/safeguardian-ehtzvapjlrfgxpdehqgynegxowui/Build/Intermediates.noindex/safeguardian.build/Debug-iphonesimulator/safeguardian.build/Objects-normal/arm64/safeguardian_dependency_info.dat -fobjc-link-runtime -fprofile-instr-generate -L/Applications/Xcode.app/Contents/Developer/Toolchains/XcodeDefault.xctoolchain/usr/lib/swift/iphonesimulator -L/usr/lib/swift -Xlinker -add_ast_path -Xlinker /Users/m1a4xnetworkprobe./Library/Developer/Xcode/DerivedData/safeguardian-ehtzvapjlrfgxpdehqgynegxowui/Build/Intermediates.noindex/safeguardian.build/Debug-iphonesimulator/safeguardian.build/Objects-normal/arm64/safeguardian.swiftmodule -Wl,-no_warn_duplicate_libraries -Xlinker -alias -Xlinker _main -Xlinker ___debug_main_executable_dylib_entry_point -Xlinker -no_adhoc_codesign -o /Users/m1a4xnetworkprobe./Library/Developer/Xcode/DerivedData/safeguardian-ehtzvapjlrfgxpdehqgynegxowui/Build/Products/Debug-iphonesimulator/safeguardian.app/safeguardian.debug.dylib -Xlinker -add_ast_path -Xlinker /Users/m1a4xnetworkprobe./Library/Developer/Xcode/DerivedData/safeguardian-ehtzvapjlrfgxpdehqgynegxowui/Build/Intermediates.noindex/bitchat.build/Debug-iphonesimulator/bitchat.build/Objects-normal/arm64/bitchat.swiftmodule

CpResource /Users/m1a4xnetworkprobe./Library/Developer/Xcode/DerivedData/safeguardian-ehtzvapjlrfgxpdehqgynegxowui/Build/Products/Debug-iphonesimulator/safeguardian.app/package-lock.json /Applications/safeguardian/safeguardian/safeguardian/package-lock.json (in target 'safeguardian' from project 'safeguardian')
    cd /Applications/safeguardian/safeguardian
    builtin-copy -exclude .DS_Store -exclude CVS -exclude .svn -exclude .git -exclude .hg -resolve-src-symlinks /Applications/safeguardian/safeguardian/safeguardian/package-lock.json /Users/m1a4xnetworkprobe./Library/Developer/Xcode/DerivedData/safeguardian-ehtzvapjlrfgxpdehqgynegxowui/Build/Products/Debug-iphonesimulator/safeguardian.app

CpResource /Users/m1a4xnetworkprobe./Library/Developer/Xcode/DerivedData/safeguardian-ehtzvapjlrfgxpdehqgynegxowui/Build/Products/Debug-iphonesimulator/safeguardian.app/bitchat /Applications/safeguardian/safeguardian/safeguardian/bitchat (in target 'safeguardian' from project 'safeguardian')
    cd /Applications/safeguardian/safeguardian
    builtin-copy -exclude .DS_Store -exclude CVS -exclude .svn -exclude .git -exclude .hg -resolve-src-symlinks /Applications/safeguardian/safeguardian/safeguardian/bitchat /Users/m1a4xnetworkprobe./Library/Developer/Xcode/DerivedData/safeguardian-ehtzvapjlrfgxpdehqgynegxowui/Build/Products/Debug-iphonesimulator/safeguardian.app

CpResource /Users/m1a4xnetworkprobe./Library/Developer/Xcode/DerivedData/safeguardian-ehtzvapjlrfgxpdehqgynegxowui/Build/Products/Debug-iphonesimulator/safeguardian.app/PocketPalIntegration.swift\  /Applications/safeguardian/safeguardian/safeguardian/PocketPalIntegration.swift\  (in target 'safeguardian' from project 'safeguardian')
    cd /Applications/safeguardian/safeguardian
    builtin-copy -exclude .DS_Store -exclude CVS -exclude .svn -exclude .git -exclude .hg -resolve-src-symlinks /Applications/safeguardian/safeguardian/safeguardian/PocketPalIntegration.swift\  /Users/m1a4xnetworkprobe./Library/Developer/Xcode/DerivedData/safeguardian-ehtzvapjlrfgxpdehqgynegxowui/Build/Products/Debug-iphonesimulator/safeguardian.app

ProcessInfoPlistFile /Users/m1a4xnetworkprobe./Library/Developer/Xcode/DerivedData/safeguardian-ehtzvapjlrfgxpdehqgynegxowui/Build/Products/Debug-iphonesimulator/safeguardian.app/Info.plist /Users/m1a4xnetworkprobe./Library/Developer/Xcode/DerivedData/safeguardian-ehtzvapjlrfgxpdehqgynegxowui/Build/Intermediates.noindex/safeguardian.build/Debug-iphonesimulator/safeguardian.build/empty-safeguardian.plist (in target 'safeguardian' from project 'safeguardian')
    cd /Applications/safeguardian/safeguardian
    builtin-infoPlistUtility /Users/m1a4xnetworkprobe./Library/Developer/Xcode/DerivedData/safeguardian-ehtzvapjlrfgxpdehqgynegxowui/Build/Intermediates.noindex/safeguardian.build/Debug-iphonesimulator/safeguardian.build/empty-safeguardian.plist -producttype com.apple.product-type.application -genpkginfo /Users/m1a4xnetworkprobe./Library/Developer/Xcode/DerivedData/safeguardian-ehtzvapjlrfgxpdehqgynegxowui/Build/Products/Debug-iphonesimulator/safeguardian.app/PkgInfo -expandbuildsettings -format binary -platform iphonesimulator -additionalcontentfile /Users/m1a4xnetworkprobe./Library/Developer/Xcode/DerivedData/safeguardian-ehtzvapjlrfgxpdehqgynegxowui/Build/Intermediates.noindex/safeguardian.build/Debug-iphonesimulator/safeguardian.build/assetcatalog_generated_info.plist -o /Users/m1a4xnetworkprobe./Library/Developer/Xcode/DerivedData/safeguardian-ehtzvapjlrfgxpdehqgynegxowui/Build/Products/Debug-iphonesimulator/safeguardian.app/Info.plist

ConstructStubExecutorLinkFileList /Users/m1a4xnetworkprobe./Library/Developer/Xcode/DerivedData/safeguardian-ehtzvapjlrfgxpdehqgynegxowui/Build/Intermediates.noindex/safeguardian.build/Debug-iphonesimulator/safeguardian.build/safeguardian-ExecutorLinkFileList-normal-arm64.txt (in target 'safeguardian' from project 'safeguardian')
    cd /Applications/safeguardian/safeguardian
    construct-stub-executor-link-file-list /Users/m1a4xnetworkprobe./Library/Developer/Xcode/DerivedData/safeguardian-ehtzvapjlrfgxpdehqgynegxowui/Build/Products/Debug-iphonesimulator/safeguardian.app/safeguardian.debug.dylib /Applications/Xcode.app/Contents/Developer/Platforms/iPhoneSimulator.platform/Developer/usr/lib/libPreviewsJITStubExecutor_no_swift_entry_point.a /Applications/Xcode.app/Contents/Developer/Platforms/iPhoneSimulator.platform/Developer/usr/lib/libPreviewsJITStubExecutor.a --output /Users/m1a4xnetworkprobe./Library/Developer/Xcode/DerivedData/safeguardian-ehtzvapjlrfgxpdehqgynegxowui/Build/Intermediates.noindex/safeguardian.build/Debug-iphonesimulator/safeguardian.build/safeguardian-ExecutorLinkFileList-normal-arm64.txt
note: Using stub executor library with Swift entry point. (in target 'safeguardian' from project 'safeguardian')

Ld /Users/m1a4xnetworkprobe./Library/Developer/Xcode/DerivedData/safeguardian-ehtzvapjlrfgxpdehqgynegxowui/Build/Products/Debug-iphonesimulator/safeguardian.app/safeguardian normal (in target 'safeguardian' from project 'safeguardian')
    cd /Applications/safeguardian/safeguardian
    /Applications/Xcode.app/Contents/Developer/Toolchains/XcodeDefault.xctoolchain/usr/bin/clang -Xlinker -reproducible -target arm64-apple-ios18.2-simulator -isysroot /Applications/Xcode.app/Contents/Developer/Platforms/iPhoneSimulator.platform/Developer/SDKs/iPhoneSimulator18.5.sdk -O0 -L/Users/m1a4xnetworkprobe./Library/Developer/Xcode/DerivedData/safeguardian-ehtzvapjlrfgxpdehqgynegxowui/Build/Products/Debug-iphonesimulator -F/Users/m1a4xnetworkprobe./Library/Developer/Xcode/DerivedData/safeguardian-ehtzvapjlrfgxpdehqgynegxowui/Build/Products/Debug-iphonesimulator/PackageFrameworks -F/Users/m1a4xnetworkprobe./Library/Developer/Xcode/DerivedData/safeguardian-ehtzvapjlrfgxpdehqgynegxowui/Build/Products/Debug-iphonesimulator -Xlinker -rpath -Xlinker @executable_path -Xlinker -rpath -Xlinker /Users/m1a4xnetworkprobe./Library/Developer/Xcode/DerivedData/safeguardian-ehtzvapjlrfgxpdehqgynegxowui/Build/Products/Debug-iphonesimulator/PackageFrameworks -Xlinker -rpath -Xlinker @executable_path/Frameworks -rdynamic -Xlinker -no_deduplicate -Xlinker -objc_abi_version -Xlinker 2 -Xlinker -debug_variant -e ___debug_blank_executor_main -Xlinker -sectcreate -Xlinker __TEXT -Xlinker __debug_dylib -Xlinker /Users/m1a4xnetworkprobe./Library/Developer/Xcode/DerivedData/safeguardian-ehtzvapjlrfgxpdehqgynegxowui/Build/Intermediates.noindex/safeguardian.build/Debug-iphonesimulator/safeguardian.build/safeguardian-DebugDylibPath-normal-arm64.txt -Xlinker -sectcreate -Xlinker __TEXT -Xlinker __debug_instlnm -Xlinker /Users/m1a4xnetworkprobe./Library/Developer/Xcode/DerivedData/safeguardian-ehtzvapjlrfgxpdehqgynegxowui/Build/Intermediates.noindex/safeguardian.build/Debug-iphonesimulator/safeguardian.build/safeguardian-DebugDylibInstallName-normal-arm64.txt -Xlinker -filelist -Xlinker /Users/m1a4xnetworkprobe./Library/Developer/Xcode/DerivedData/safeguardian-ehtzvapjlrfgxpdehqgynegxowui/Build/Intermediates.noindex/safeguardian.build/Debug-iphonesimulator/safeguardian.build/safeguardian-ExecutorLinkFileList-normal-arm64.txt -Xlinker -sectcreate -Xlinker __TEXT -Xlinker __entitlements -Xlinker /Users/m1a4xnetworkprobe./Library/Developer/Xcode/DerivedData/safeguardian-ehtzvapjlrfgxpdehqgynegxowui/Build/Intermediates.noindex/safeguardian.build/Debug-iphonesimulator/safeguardian.build/safeguardian.app-Simulated.xcent -Xlinker -sectcreate -Xlinker __TEXT -Xlinker __ents_der -Xlinker /Users/m1a4xnetworkprobe./Library/Developer/Xcode/DerivedData/safeguardian-ehtzvapjlrfgxpdehqgynegxowui/Build/Intermediates.noindex/safeguardian.build/Debug-iphonesimulator/safeguardian.build/safeguardian.app-Simulated.xcent.der /Users/m1a4xnetworkprobe./Library/Developer/Xcode/DerivedData/safeguardian-ehtzvapjlrfgxpdehqgynegxowui/Build/Products/Debug-iphonesimulator/safeguardian.app/safeguardian.debug.dylib -Xlinker -no_adhoc_codesign -o /Users/m1a4xnetworkprobe./Library/Developer/Xcode/DerivedData/safeguardian-ehtzvapjlrfgxpdehqgynegxowui/Build/Products/Debug-iphonesimulator/safeguardian.app/safeguardian

CopySwiftLibs /Users/m1a4xnetworkprobe./Library/Developer/Xcode/DerivedData/safeguardian-ehtzvapjlrfgxpdehqgynegxowui/Build/Products/Debug-iphonesimulator/safeguardian.app (in target 'safeguardian' from project 'safeguardian')
    cd /Applications/safeguardian/safeguardian
    builtin-swiftStdLibTool --copy --verbose --sign - --scan-executable /Users/m1a4xnetworkprobe./Library/Developer/Xcode/DerivedData/safeguardian-ehtzvapjlrfgxpdehqgynegxowui/Build/Products/Debug-iphonesimulator/safeguardian.app/safeguardian.debug.dylib --scan-folder /Users/m1a4xnetworkprobe./Library/Developer/Xcode/DerivedData/safeguardian-ehtzvapjlrfgxpdehqgynegxowui/Build/Products/Debug-iphonesimulator/safeguardian.app/Frameworks --scan-folder /Users/m1a4xnetworkprobe./Library/Developer/Xcode/DerivedData/safeguardian-ehtzvapjlrfgxpdehqgynegxowui/Build/Products/Debug-iphonesimulator/safeguardian.app/PlugIns --scan-folder /Users/m1a4xnetworkprobe./Library/Developer/Xcode/DerivedData/safeguardian-ehtzvapjlrfgxpdehqgynegxowui/Build/Products/Debug-iphonesimulator/safeguardian.app/SystemExtensions --scan-folder /Users/m1a4xnetworkprobe./Library/Developer/Xcode/DerivedData/safeguardian-ehtzvapjlrfgxpdehqgynegxowui/Build/Products/Debug-iphonesimulator/safeguardian.app/Extensions --platform iphonesimulator --toolchain /Applications/Xcode.app/Contents/Developer/Toolchains/XcodeDefault.xctoolchain --destination /Users/m1a4xnetworkprobe./Library/Developer/Xcode/DerivedData/safeguardian-ehtzvapjlrfgxpdehqgynegxowui/Build/Products/Debug-iphonesimulator/safeguardian.app/Frameworks --strip-bitcode --strip-bitcode-tool /Applications/Xcode.app/Contents/Developer/Toolchains/XcodeDefault.xctoolchain/usr/bin/bitcode_strip --emit-dependency-info /Users/m1a4xnetworkprobe./Library/Developer/Xcode/DerivedData/safeguardian-ehtzvapjlrfgxpdehqgynegxowui/Build/Intermediates.noindex/safeguardian.build/Debug-iphonesimulator/safeguardian.build/SwiftStdLibToolInputDependencies.dep --filter-for-swift-os

ExtractAppIntentsMetadata (in target 'safeguardian' from project 'safeguardian')
    cd /Applications/safeguardian/safeguardian
    /Applications/Xcode.app/Contents/Developer/Toolchains/XcodeDefault.xctoolchain/usr/bin/appintentsmetadataprocessor --toolchain-dir /Applications/Xcode.app/Contents/Developer/Toolchains/XcodeDefault.xctoolchain --module-name safeguardian --sdk-root /Applications/Xcode.app/Contents/Developer/Platforms/iPhoneSimulator.platform/Developer/SDKs/iPhoneSimulator18.5.sdk --xcode-version 16F6 --platform-family iOS --deployment-target 18.2 --bundle-identifier com.safeguardian.app --output /Users/m1a4xnetworkprobe./Library/Developer/Xcode/DerivedData/safeguardian-ehtzvapjlrfgxpdehqgynegxowui/Build/Products/Debug-iphonesimulator/safeguardian.app --target-triple arm64-apple-ios18.2-simulator --binary-file /Users/m1a4xnetworkprobe./Library/Developer/Xcode/DerivedData/safeguardian-ehtzvapjlrfgxpdehqgynegxowui/Build/Products/Debug-iphonesimulator/safeguardian.app/safeguardian --dependency-file /Users/m1a4xnetworkprobe./Library/Developer/Xcode/DerivedData/safeguardian-ehtzvapjlrfgxpdehqgynegxowui/Build/Intermediates.noindex/safeguardian.build/Debug-iphonesimulator/safeguardian.build/Objects-normal/arm64/safeguardian_dependency_info.dat --stringsdata-file /Users/m1a4xnetworkprobe./Library/Developer/Xcode/DerivedData/safeguardian-ehtzvapjlrfgxpdehqgynegxowui/Build/Intermediates.noindex/safeguardian.build/Debug-iphonesimulator/safeguardian.build/Objects-normal/arm64/ExtractedAppShortcutsMetadata.stringsdata --source-file-list /Users/m1a4xnetworkprobe./Library/Developer/Xcode/DerivedData/safeguardian-ehtzvapjlrfgxpdehqgynegxowui/Build/Intermediates.noindex/safeguardian.build/Debug-iphonesimulator/safeguardian.build/Objects-normal/arm64/safeguardian.SwiftFileList --metadata-file-list /Users/m1a4xnetworkprobe./Library/Developer/Xcode/DerivedData/safeguardian-ehtzvapjlrfgxpdehqgynegxowui/Build/Intermediates.noindex/safeguardian.build/Debug-iphonesimulator/safeguardian.build/safeguardian.DependencyMetadataFileList --static-metadata-file-list /Users/m1a4xnetworkprobe./Library/Developer/Xcode/DerivedData/safeguardian-ehtzvapjlrfgxpdehqgynegxowui/Build/Intermediates.noindex/safeguardian.build/Debug-iphonesimulator/safeguardian.build/safeguardian.DependencyStaticMetadataFileList --swift-const-vals-list /Users/m1a4xnetworkprobe./Library/Developer/Xcode/DerivedData/safeguardian-ehtzvapjlrfgxpdehqgynegxowui/Build/Intermediates.noindex/safeguardian.build/Debug-iphonesimulator/safeguardian.build/Objects-normal/arm64/safeguardian.SwiftConstValuesFileList --compile-time-extraction --deployment-aware-processing --validate-assistant-intents --no-app-shortcuts-localization
2025-08-01 18:40:04.784 appintentsmetadataprocessor[66175:3557646] Starting appintentsmetadataprocessor export
2025-08-01 18:40:04.785 appintentsmetadataprocessor[66175:3557646] warning: Metadata extraction skipped. No AppIntents.framework dependency found.

AppIntentsSSUTraining (in target 'safeguardian' from project 'safeguardian')
    cd /Applications/safeguardian/safeguardian
    /Applications/Xcode.app/Contents/Developer/Toolchains/XcodeDefault.xctoolchain/usr/bin/appintentsnltrainingprocessor --infoplist-path /Users/m1a4xnetworkprobe./Library/Developer/Xcode/DerivedData/safeguardian-ehtzvapjlrfgxpdehqgynegxowui/Build/Products/Debug-iphonesimulator/safeguardian.app/Info.plist --temp-dir-path /Users/m1a4xnetworkprobe./Library/Developer/Xcode/DerivedData/safeguardian-ehtzvapjlrfgxpdehqgynegxowui/Build/Intermediates.noindex/safeguardian.build/Debug-iphonesimulator/safeguardian.build/ssu --bundle-id com.safeguardian.app --product-path /Users/m1a4xnetworkprobe./Library/Developer/Xcode/DerivedData/safeguardian-ehtzvapjlrfgxpdehqgynegxowui/Build/Products/Debug-iphonesimulator/safeguardian.app --extracted-metadata-path /Users/m1a4xnetworkprobe./Library/Developer/Xcode/DerivedData/safeguardian-ehtzvapjlrfgxpdehqgynegxowui/Build/Products/Debug-iphonesimulator/safeguardian.app/Metadata.appintents --metadata-file-list /Users/m1a4xnetworkprobe./Library/Developer/Xcode/DerivedData/safeguardian-ehtzvapjlrfgxpdehqgynegxowui/Build/Intermediates.noindex/safeguardian.build/Debug-iphonesimulator/safeguardian.build/safeguardian.DependencyMetadataFileList --archive-ssu-assets
2025-08-01 18:40:04.804 appintentsnltrainingprocessor[66176:3557647] Parsing options for appintentsnltrainingprocessor
2025-08-01 18:40:04.804 appintentsnltrainingprocessor[66176:3557647] No AppShortcuts found - Skipping.

CodeSign /Users/m1a4xnetworkprobe./Library/Developer/Xcode/DerivedData/safeguardian-ehtzvapjlrfgxpdehqgynegxowui/Build/Products/Debug-iphonesimulator/safeguardian.app/safeguardian.debug.dylib (in target 'safeguardian' from project 'safeguardian')
    cd /Applications/safeguardian/safeguardian
    
    Signing Identity:     "Sign to Run Locally"
    
    /usr/bin/codesign --force --sign - --timestamp\=none --generate-entitlement-der /Users/m1a4xnetworkprobe./Library/Developer/Xcode/DerivedData/safeguardian-ehtzvapjlrfgxpdehqgynegxowui/Build/Products/Debug-iphonesimulator/safeguardian.app/safeguardian.debug.dylib

CodeSign /Users/m1a4xnetworkprobe./Library/Developer/Xcode/DerivedData/safeguardian-ehtzvapjlrfgxpdehqgynegxowui/Build/Products/Debug-iphonesimulator/safeguardian.app/__preview.dylib (in target 'safeguardian' from project 'safeguardian')
    cd /Applications/safeguardian/safeguardian
    
    Signing Identity:     "Sign to Run Locally"
    
    /usr/bin/codesign --force --sign - --timestamp\=none --generate-entitlement-der /Users/m1a4xnetworkprobe./Library/Developer/Xcode/DerivedData/safeguardian-ehtzvapjlrfgxpdehqgynegxowui/Build/Products/Debug-iphonesimulator/safeguardian.app/__preview.dylib

CodeSign /Users/m1a4xnetworkprobe./Library/Developer/Xcode/DerivedData/safeguardian-ehtzvapjlrfgxpdehqgynegxowui/Build/Products/Debug-iphonesimulator/safeguardian.app (in target 'safeguardian' from project 'safeguardian')
    cd /Applications/safeguardian/safeguardian
    
    Signing Identity:     "Sign to Run Locally"
    
    /usr/bin/codesign --force --sign - --timestamp\=none --generate-entitlement-der /Users/m1a4xnetworkprobe./Library/Developer/Xcode/DerivedData/safeguardian-ehtzvapjlrfgxpdehqgynegxowui/Build/Products/Debug-iphonesimulator/safeguardian.app

RegisterExecutionPolicyException /Users/m1a4xnetworkprobe./Library/Developer/Xcode/DerivedData/safeguardian-ehtzvapjlrfgxpdehqgynegxowui/Build/Products/Debug-iphonesimulator/safeguardian.app (in target 'safeguardian' from project 'safeguardian')
    cd /Applications/safeguardian/safeguardian
    builtin-RegisterExecutionPolicyException /Users/m1a4xnetworkprobe./Library/Developer/Xcode/DerivedData/safeguardian-ehtzvapjlrfgxpdehqgynegxowui/Build/Products/Debug-iphonesimulator/safeguardian.app

Validate /Users/m1a4xnetworkprobe./Library/Developer/Xcode/DerivedData/safeguardian-ehtzvapjlrfgxpdehqgynegxowui/Build/Products/Debug-iphonesimulator/safeguardian.app (in target 'safeguardian' from project 'safeguardian')
    cd /Applications/safeguardian/safeguardian
    builtin-validationUtility /Users/m1a4xnetworkprobe./Library/Developer/Xcode/DerivedData/safeguardian-ehtzvapjlrfgxpdehqgynegxowui/Build/Products/Debug-iphonesimulator/safeguardian.app -infoplist-subpath Info.plist

Touch /Users/m1a4xnetworkprobe./Library/Developer/Xcode/DerivedData/safeguardian-ehtzvapjlrfgxpdehqgynegxowui/Build/Products/Debug-iphonesimulator/safeguardian.app (in target 'safeguardian' from project 'safeguardian')
    cd /Applications/safeguardian/safeguardian
    /usr/bin/touch -c /Users/m1a4xnetworkprobe./Library/Developer/Xcode/DerivedData/safeguardian-ehtzvapjlrfgxpdehqgynegxowui/Build/Products/Debug-iphonesimulator/safeguardian.app

** BUILD SUCCEEDED **

